2026-02-24 00:55:28 +00:00: 🚀 SamaFox API Server is running on port 3000
2026-02-24 00:59:09 +00:00: [socket connected] { uid: 3, sid: '0rmglkyF2hPf57xDAAAC' }
2026-02-24 01:00:41 +00:00: [socket connected] { uid: 3, sid: 't1iXCyDdXvAy71r9AAAE' }
2026-02-24 01:01:10 +00:00: [disconnect] { uid: 3 }
2026-02-24 01:01:25 +00:00: [socket connected] { uid: 3, sid: 'DRT36Ioq-3W3ekF8AAAG' }
2026-02-24 01:01:32 +00:00: [disconnect] { uid: 3 }
2026-02-24 01:09:13 +00:00: [socket connected] { uid: 3, sid: '6J0HRYIUa4AumHuYAAAI' }
2026-02-24 01:09:47 +00:00: [disconnect] { uid: 3 }
2026-02-24 01:10:18 +00:00: [socket connected] { uid: 3, sid: 'mzxZ8p5QMJGkgJVYAAAK' }
2026-02-24 01:10:28 +00:00: [disconnect] { uid: 3 }
2026-02-24 01:13:11 +00:00: 🚀 SamaFox API Server is running on port 3000
2026-02-24 01:13:18 +00:00: [socket connected] { uid: 3, sid: 'khz-_0BHi53SvFThAAAB' }
2026-02-24 01:13:29 +00:00: [disconnect] { uid: 3 }
2026-02-24 01:13:48 +00:00: [socket connected] { uid: 3, sid: 'UgAeNHObkZgQ4fQWAAAE' }
2026-02-24 01:14:47 +00:00: [socket connected] { uid: 3, sid: '1mR3Ftr7e2XG7kbaAAAG' }
2026-02-24 01:15:06 +00:00: [disconnect] { uid: 3 }
2026-02-24 01:17:02 +00:00: [disconnect] { uid: 3 }
2026-02-24 03:10:18 +00:00: [socket connected] { uid: 2, sid: 'EDw2pr1gJv65R9P7AAAJ' }
2026-02-24 03:10:42 +00:00: [disconnect] { uid: 2 }
2026-03-04 01:49:33 +00:00: [socket connected] { uid: 6, sid: 'iAfXKkzr0JPDfcANAACh' }
2026-03-04 01:49:33 +00:00: [disconnect] { uid: 6 }
2026-03-04 01:49:35 +00:00: [socket connected] { uid: 6, sid: '75rcm1UEVmDIOlVvAACj' }
2026-03-04 01:49:46 +00:00: 👥 voice_users { rid: 6, users: [] }
2026-03-04 01:50:18 +00:00: 🎤 user_left_voice { rid: 6, uid: 6 }
2026-03-04 01:50:18 +00:00: [leave_room] { uid: 6, rid: 6 }
2026-03-04 01:50:20 +00:00: [join_room] { uid: 6, rid: 2, admins: [ 1 ], seats: [], queue: [] }
2026-03-04 01:50:20 +00:00: 👥 voice_users { rid: 2, users: [] }
2026-03-04 01:50:20 +00:00: 🎤 user_joined_voice { rid: 2, uid: 6 }
2026-03-04 01:50:20 +00:00: [room_seats_state emit] { rid: 2, ownerId: 1, admins: [ 1 ], maxSeats: 2 }
2026-03-04 01:50:20 +00:00: 👥 voice_users { rid: 2, users: [ 6 ] }
2026-03-04 01:50:25 +00:00: 🎤 user_left_voice { rid: 2, uid: 6 }
2026-03-04 01:50:25 +00:00: [leave_room] { uid: 6, rid: 2 }
2026-03-04 01:54:48 +00:00: [join_room] { uid: 6, rid: 3, admins: [ 3 ], seats: [], queue: [] }
2026-03-04 01:54:48 +00:00: 👥 voice_users { rid: 3, users: [] }
2026-03-04 01:54:48 +00:00: [room_seats_state emit] { rid: 3, ownerId: 3, admins: [ 3 ], maxSeats: 5 }
2026-03-04 01:54:48 +00:00: 🎤 user_joined_voice { rid: 3, uid: 6 }
2026-03-04 01:54:48 +00:00: 👥 voice_users { rid: 3, users: [ 6 ] }
2026-03-04 01:55:21 +00:00: 🎤 user_left_voice { rid: 3, uid: 6 }
2026-03-04 01:55:21 +00:00: [leave_room] { uid: 6, rid: 3 }
2026-03-04 01:55:29 +00:00: [join_room] { uid: 6, rid: 6, admins: [ 6 ], seats: [], queue: [] }
2026-03-04 01:55:29 +00:00: 👥 voice_users { rid: 6, users: [] }
2026-03-04 01:55:29 +00:00: 🎤 user_joined_voice { rid: 6, uid: 6 }
2026-03-04 01:55:29 +00:00: 👥 voice_users { rid: 6, users: [ 6 ] }
2026-03-04 01:55:29 +00:00: [auto-seat assigned] { uid: 6, rid: 6, seatNum: 1 }
2026-03-04 01:55:29 +00:00: [room_seats_state emit] { rid: 6, ownerId: 6, admins: [ 6 ], maxSeats: 2 }
2026-03-04 01:56:09 +00:00: ✅ Image uploaded successfully: scaled_1000192175-1772589367579-635330598.jpg
2026-03-04 01:56:22 +00:00: ✅ Image uploaded successfully: scaled_1000192171-1772589380649-283969716.jpg
2026-03-04 01:56:38 +00:00: 🎤 user_left_voice { rid: 6, uid: 6 }
2026-03-04 01:56:38 +00:00: [leave_room] { uid: 6, rid: 6 }
2026-03-04 01:56:41 +00:00: [join_room] { uid: 6, rid: 6, admins: [ 6 ], seats: [], queue: [] }
2026-03-04 01:56:41 +00:00: 👥 voice_users { rid: 6, users: [] }
2026-03-04 01:56:41 +00:00: [auto-seat assigned] { uid: 6, rid: 6, seatNum: 1 }
2026-03-04 01:56:41 +00:00: 🎤 user_joined_voice { rid: 6, uid: 6 }
2026-03-04 01:56:41 +00:00: 👥 voice_users { rid: 6, users: [ 6 ] }
2026-03-04 01:56:41 +00:00: [room_seats_state emit] { rid: 6, ownerId: 6, admins: [ 6 ], maxSeats: 2 }
2026-03-04 01:56:54 +00:00: 🎤 user_left_voice { rid: 6, uid: 6 }
2026-03-04 01:56:54 +00:00: [leave_room] { uid: 6, rid: 6 }
2026-03-04 01:56:56 +00:00: [join_room] { uid: 6, rid: 3, admins: [ 3 ], seats: [], queue: [] }
2026-03-04 01:56:56 +00:00: 👥 voice_users { rid: 3, users: [] }
2026-03-04 01:56:56 +00:00: [room_seats_state emit] { rid: 3, ownerId: 3, admins: [ 3 ], maxSeats: 5 }
2026-03-04 01:56:56 +00:00: 🎤 user_joined_voice { rid: 3, uid: 6 }
2026-03-04 01:56:56 +00:00: 👥 voice_users { rid: 3, users: [ 6 ] }
2026-03-04 01:57:06 +00:00: 🎤 user_left_voice { rid: 3, uid: 6 }
2026-03-04 01:57:06 +00:00: [leave_room] { uid: 6, rid: 3 }
2026-03-04 01:57:08 +00:00: [join_room] { uid: 6, rid: 6, admins: [ 6 ], seats: [], queue: [] }
2026-03-04 01:57:08 +00:00: [auto-seat assigned] { uid: 6, rid: 6, seatNum: 1 }
2026-03-04 01:57:08 +00:00: 👥 voice_users { rid: 6, users: [ 6 ] }
2026-03-04 01:57:08 +00:00: [room_seats_state emit] { rid: 6, ownerId: 6, admins: [ 6 ], maxSeats: 2 }
2026-03-04 01:57:08 +00:00: 🎤 user_joined_voice { rid: 6, uid: 6 }
2026-03-04 01:57:08 +00:00: 👥 voice_users { rid: 6, users: [ 6 ] }
2026-03-04 01:57:28 +00:00: [toggle_mute] { uid: 6, rid: 6, seatNum: 1, isMuted: true }
2026-03-04 01:57:28 +00:00: 👥 voice_users { rid: 6, users: [] }
2026-03-04 01:57:33 +00:00: 👥 voice_users { rid: 6, users: [] }
2026-03-04 01:57:33 +00:00: [toggle_mute] { uid: 6, rid: 6, seatNum: 1, isMuted: false }
2026-03-04 01:57:37 +00:00: [disconnect] { uid: 6 }
2026-03-04 01:57:56 +00:00: [socket connected] { uid: 6, sid: 'OAuJxz-9SWGuPbEGAACm' }
2026-03-04 02:00:01 +00:00: [disconnect] { uid: 6 }
2026-03-08 00:24:13 +00:00: [socket connected] { uid: 2, sid: 'W3FgiYBPJDE-q7_9AACo' }
2026-03-08 00:24:20 +00:00: [join_room] { uid: 2, rid: 1, admins: [ 1 ], seats: [], queue: [] }
2026-03-08 00:24:20 +00:00: [room_seats_state emit] { rid: 1, ownerId: 1, admins: [ 1 ], maxSeats: 12 }
2026-03-08 00:24:20 +00:00: 👥 voice_users { rid: 1, users: [] }
2026-03-08 00:25:01 +00:00: [toggle_mute] { uid: 2, rid: 1, seatNum: 1, isMuted: false }
2026-03-08 00:25:02 +00:00: 👥 voice_users { rid: 1, users: [ 2 ] }
2026-03-08 00:25:03 +00:00: [toggle_mute] { uid: 2, rid: 1, seatNum: 1, isMuted: true }
2026-03-08 00:25:04 +00:00: 👥 voice_users { rid: 1, users: [] }
2026-03-08 01:00:09 +00:00: 🎤 user_left_voice { rid: 1, uid: 2 }
2026-03-08 01:00:09 +00:00: [leave_room] { uid: 2, rid: 1 }
2026-03-08 01:15:31 +00:00: [socket connected] { uid: 2, sid: 'Y3_rAgnELwi1jCO7AACr' }
2026-03-08 01:15:36 +00:00: [join_room] { uid: 2, rid: 1, admins: [ 1 ], seats: [], queue: [] }
2026-03-08 01:15:36 +00:00: [room_seats_state emit] { rid: 1, ownerId: 1, admins: [ 1 ], maxSeats: 12 }
2026-03-08 01:15:37 +00:00: 👥 voice_users { rid: 1, users: [] }
2026-03-08 01:17:30 +00:00: [socket connected] { uid: 2, sid: 'gVe1w1sKgiz_PjnkAACu' }
2026-03-08 01:17:37 +00:00: [join_room] { uid: 2, rid: 1, admins: [ 1 ], seats: [], queue: [] }
2026-03-08 01:17:37 +00:00: [room_seats_state emit] { rid: 1, ownerId: 1, admins: [ 1 ], maxSeats: 12 }
2026-03-08 01:17:38 +00:00: 👥 voice_users { rid: 1, users: [] }
2026-03-08 01:19:36 +00:00: [socket connected] { uid: 2, sid: '0RgzTj0bfxwjbrYlAACx' }
2026-03-08 01:19:42 +00:00: [join_room] { uid: 2, rid: 1, admins: [ 1 ], seats: [], queue: [] }
2026-03-08 01:19:42 +00:00: [room_seats_state emit] { rid: 1, ownerId: 1, admins: [ 1 ], maxSeats: 12 }
2026-03-08 01:19:42 +00:00: 👥 voice_users { rid: 1, users: [] }
2026-03-08 01:33:41 +00:00: [socket connected] { uid: 2, sid: 'RjuiZeBJPMh3dQweAAC0' }
2026-03-08 01:33:50 +00:00: [join_room] { uid: 2, rid: 1, admins: [ 1 ], seats: [], queue: [] }
2026-03-08 01:33:50 +00:00: [room_seats_state emit] { rid: 1, ownerId: 1, admins: [ 1 ], maxSeats: 12 }
2026-03-08 01:33:51 +00:00: 👥 voice_users { rid: 1, users: [] }
2026-03-08 02:49:30 +00:00: [disconnect] { uid: 2 }
2026-03-08 02:49:30 +00:00: [disconnect] { uid: 2 }
2026-03-08 02:49:30 +00:00: [disconnect] { uid: 2 }
2026-03-08 02:49:30 +00:00: [disconnect] { uid: 2 }
2026-03-08 02:49:30 +00:00: [disconnect] { uid: 2 }
2026-03-09 17:09:03 +00:00: [socket connected] { uid: 2, sid: 'rrXCVH-i-X75qDncAAIj' }
2026-03-09 17:09:04 +00:00: [disconnect] { uid: 2 }
2026-03-09 17:09:06 +00:00: [socket connected] { uid: 2, sid: 'Xbe6eeTI1JCfDadwAAIl' }
2026-03-09 17:09:45 +00:00: [join_room] { uid: 2, rid: 1, admins: [ 1 ], seats: [], queue: [] }
2026-03-09 17:09:45 +00:00: [room_seats_state emit] { rid: 1, ownerId: 1, admins: [ 1 ], maxSeats: 12 }
2026-03-09 17:09:46 +00:00: 👥 voice_users { rid: 1, users: [] }
2026-03-09 17:23:22 +00:00: [disconnect] { uid: 2 }
2026-03-09 20:52:09 +00:00: [socket connected] { uid: 2, sid: 'ueO1O1t9Bc00pgBuAAI1' }
2026-03-09 20:52:15 +00:00: [join_room] { uid: 2, rid: 5, admins: [ 5 ], seats: [], queue: [] }
2026-03-09 20:52:15 +00:00: [room_seats_state emit] { rid: 5, ownerId: 5, admins: [ 5 ], maxSeats: 30 }
2026-03-09 20:52:15 +00:00: 👥 voice_users { rid: 5, users: [] }
2026-03-09 20:52:16 +00:00: 🎤 user_joined_voice { rid: 5, uid: 2 }
2026-03-09 20:52:16 +00:00: 👥 voice_users { rid: 5, users: [ 2 ] }
2026-03-09 20:56:12 +00:00: 🚀 SamaFox API Server is running on port 3000
2026-03-09 20:56:14 +00:00: [socket connected] { uid: 2, sid: '2ovLkOuZ4GxPNj3hAAAB' }
2026-03-09 20:56:21 +00:00: [disconnect] { uid: 2 }
2026-03-09 20:56:27 +00:00: [socket connected] { uid: 2, sid: 'MqD7CypUMzOOYEcpAAAE' }
2026-03-09 20:56:34 +00:00: [join_room] { uid: 2, rid: 1, admins: [ 1 ], seats: [], queue: [] }
2026-03-09 20:56:34 +00:00: [room_seats_state emit] { rid: 1, ownerId: 1, admins: [ 1 ], maxSeats: 12 }
2026-03-09 20:56:34 +00:00: 👥 voice_users { rid: 1, users: [] }
2026-03-09 20:56:34 +00:00: 🎤 user_joined_voice { rid: 1, uid: 2 }
2026-03-09 20:56:34 +00:00: 👥 voice_users { rid: 1, users: [ 2 ] }
2026-03-09 20:56:53 +00:00: [disconnect] { uid: 2 }
2026-03-09 20:59:08 +00:00: [socket connected] { uid: 2, sid: 'GcQ1CdLj7JM7M3pHAAAH' }
2026-03-09 20:59:13 +00:00: [join_room] { uid: 2, rid: 1, admins: [ 1 ], seats: [], queue: [] }
2026-03-09 20:59:13 +00:00: [room_seats_state emit] { rid: 1, ownerId: 1, admins: [ 1 ], maxSeats: 12 }
2026-03-09 20:59:13 +00:00: 👥 voice_users { rid: 1, users: [] }
2026-03-09 20:59:14 +00:00: 🎤 user_joined_voice { rid: 1, uid: 2 }
2026-03-09 20:59:14 +00:00: 👥 voice_users { rid: 1, users: [ 2 ] }
2026-03-09 21:01:30 +00:00: 🚀 SamaFox API Server is running on port 3000
2026-03-09 21:01:32 +00:00: [socket connected] { uid: 2, sid: 'K16iPoPpSDKdL7WaAAAB' }
2026-03-09 21:01:35 +00:00: [disconnect] { uid: 2 }
2026-03-09 21:01:40 +00:00: [socket connected] { uid: 2, sid: 'mlmHXPCDvo0OUZmlAAAE' }
2026-03-09 21:01:47 +00:00: [join_room] { uid: 2, rid: 3, admins: [ 3 ], seats: [], queue: [] }
2026-03-09 21:01:47 +00:00: [room_seats_state emit] { rid: 3, ownerId: 3, admins: [ 3 ], maxSeats: 5 }
2026-03-09 21:01:47 +00:00: 👥 voice_users { rid: 3, users: [] }
2026-03-09 21:01:47 +00:00: 🎤 user_joined_voice { rid: 3, uid: 2 }
2026-03-09 21:01:47 +00:00: 👥 voice_users { rid: 3, users: [ 2 ] }
2026-03-09 21:11:42 +00:00: [disconnect] { uid: 2 }
2026-03-09 23:53:58 +00:00: [socket connected] { uid: 2, sid: '8w8wtj8JuAToW6OcAAAH' }
2026-03-09 23:54:03 +00:00: [join_room] { uid: 2, rid: 1, admins: [ 1 ], seats: [], queue: [] }
2026-03-09 23:54:03 +00:00: [room_seats_state emit] { rid: 1, ownerId: 1, admins: [ 1 ], maxSeats: 12 }
2026-03-09 23:54:10 +00:00: 👥 voice_users { rid: 1, users: [] }
2026-03-09 23:54:10 +00:00: 🎤 user_joined_voice { rid: 1, uid: 2 }
2026-03-09 23:54:10 +00:00: 👥 voice_users { rid: 1, users: [ 2 ] }
2026-03-09 23:54:35 +00:00: [disconnect] { uid: 2 }
2026-03-09 23:54:54 +00:00: [socket connected] { uid: 2, sid: 'Em5MZJBzymXz3MmPAAAJ' }
2026-03-09 23:56:23 +00:00: [disconnect] { uid: 2 }
2026-03-10 00:37:11 +00:00: [socket connected] { uid: 2, sid: '1HGj2j76LyJLlawyAAAM' }
2026-03-10 00:42:17 +00:00: [join_room] { uid: 2, rid: 1, admins: [ 1 ], seats: [], queue: [] }
2026-03-10 00:42:17 +00:00: [room_seats_state emit] { rid: 1, ownerId: 1, admins: [ 1 ], maxSeats: 12 }
2026-03-10 00:42:18 +00:00: 👥 voice_users { rid: 1, users: [] }
2026-03-10 00:42:18 +00:00: 🎤 user_joined_voice { rid: 1, uid: 2 }
2026-03-10 00:42:18 +00:00: 👥 voice_users { rid: 1, users: [ 2 ] }
2026-03-10 00:51:15 +00:00: [disconnect] { uid: 2 }
2026-03-10 00:51:36 +00:00: [socket connected] { uid: 2, sid: 'nq1K3rtn9-IyAIxRAAAP' }
2026-03-10 00:51:41 +00:00: [join_room] { uid: 2, rid: 1, admins: [ 1 ], seats: [], queue: [] }
2026-03-10 00:51:41 +00:00: [room_seats_state emit] { rid: 1, ownerId: 1, admins: [ 1 ], maxSeats: 12 }
2026-03-10 00:51:41 +00:00: 👥 voice_users { rid: 1, users: [] }
2026-03-10 00:51:41 +00:00: 🎤 user_joined_voice { rid: 1, uid: 2 }
2026-03-10 00:51:41 +00:00: 👥 voice_users { rid: 1, users: [ 2 ] }
2026-03-10 00:55:53 +00:00: [disconnect] { uid: 2 }
2026-03-10 01:00:26 +00:00: [socket connected] { uid: 2, sid: '6JS1Fp-Ca0UQIl1pAAAS' }
2026-03-10 01:00:30 +00:00: [join_room] { uid: 2, rid: 1, admins: [ 1 ], seats: [], queue: [] }
2026-03-10 01:00:30 +00:00: [room_seats_state emit] { rid: 1, ownerId: 1, admins: [ 1 ], maxSeats: 12 }
2026-03-10 01:00:30 +00:00: 👥 voice_users { rid: 1, users: [] }
2026-03-10 01:00:30 +00:00: 🎤 user_joined_voice { rid: 1, uid: 2 }
2026-03-10 01:00:30 +00:00: 👥 voice_users { rid: 1, users: [ 2 ] }
2026-03-10 01:10:27 +00:00: [disconnect] { uid: 2 }
2026-03-10 01:10:33 +00:00: [socket connected] { uid: 2, sid: 'xfJjjaEkQUdX6qwqAAAV' }
2026-03-10 01:10:36 +00:00: [join_room] { uid: 2, rid: 1, admins: [ 1 ], seats: [], queue: [] }
2026-03-10 01:10:36 +00:00: [room_seats_state emit] { rid: 1, ownerId: 1, admins: [ 1 ], maxSeats: 12 }
2026-03-10 01:10:37 +00:00: 👥 voice_users { rid: 1, users: [] }
2026-03-10 01:10:37 +00:00: 🎤 user_joined_voice { rid: 1, uid: 2 }
2026-03-10 01:10:37 +00:00: 👥 voice_users { rid: 1, users: [ 2 ] }
2026-03-10 01:13:15 +00:00: [disconnect] { uid: 2 }
2026-03-10 01:15:20 +00:00: [socket connected] { uid: 2, sid: 'sfId8kYAYGtIdNVvAAAY' }
2026-03-10 01:15:34 +00:00: [join_room] { uid: 2, rid: 1, admins: [ 1 ], seats: [], queue: [] }
2026-03-10 01:15:34 +00:00: [room_seats_state emit] { rid: 1, ownerId: 1, admins: [ 1 ], maxSeats: 12 }
2026-03-10 01:15:34 +00:00: 👥 voice_users { rid: 1, users: [] }
2026-03-10 01:15:34 +00:00: 🎤 user_joined_voice { rid: 1, uid: 2 }
2026-03-10 01:15:34 +00:00: 👥 voice_users { rid: 1, users: [ 2 ] }
2026-03-10 01:15:56 +00:00: [disconnect] { uid: 2 }
2026-03-10 01:46:30 +00:00: [socket connected] { uid: 2, sid: 'B-wzx8ELOWh-eIUMAAAb' }
2026-03-10 01:48:01 +00:00: [join_room] { uid: 2, rid: 1, admins: [ 1 ], seats: [], queue: [] }
2026-03-10 01:48:01 +00:00: [room_seats_state emit] { rid: 1, ownerId: 1, admins: [ 1 ], maxSeats: 12 }
2026-03-10 01:48:01 +00:00: 👥 voice_users { rid: 1, users: [] }
2026-03-10 01:48:01 +00:00: 🎤 user_joined_voice { rid: 1, uid: 2 }
2026-03-10 01:48:01 +00:00: 👥 voice_users { rid: 1, users: [ 2 ] }
2026-03-10 01:48:16 +00:00: [disconnect] { uid: 2 }
2026-03-10 01:51:44 +00:00: [socket connected] { uid: 2, sid: 'sxXHG4BD8SDwJ_fPAAAd' }
2026-03-10 01:51:46 +00:00: [join_room] { uid: 2, rid: 5, admins: [ 5 ], seats: [], queue: [] }
2026-03-10 01:51:46 +00:00: [room_seats_state emit] { rid: 5, ownerId: 5, admins: [ 5 ], maxSeats: 30 }
2026-03-10 01:51:46 +00:00: 👥 voice_users { rid: 5, users: [] }
2026-03-10 01:51:47 +00:00: 🎤 user_joined_voice { rid: 5, uid: 2 }
2026-03-10 01:51:47 +00:00: 👥 voice_users { rid: 5, users: [ 2 ] }
2026-03-10 01:51:49 +00:00: [socket connected] { uid: 2, sid: '_wAXm33axMaW-A7pAAAf' }
2026-03-10 01:51:50 +00:00: [disconnect] { uid: 2 }
2026-03-10 01:55:39 +00:00: [disconnect] { uid: 2 }
2026-03-10 01:57:29 +00:00: [socket connected] { uid: 2, sid: 'eKtMFBXb0BurjZPgAAAi' }
2026-03-10 01:58:30 +00:00: [join_room] { uid: 2, rid: 1, admins: [ 1 ], seats: [], queue: [] }
2026-03-10 01:58:30 +00:00: [room_seats_state emit] { rid: 1, ownerId: 1, admins: [ 1 ], maxSeats: 12 }
2026-03-10 01:58:30 +00:00: 👥 voice_users { rid: 1, users: [] }
2026-03-10 01:58:31 +00:00: 🎤 user_joined_voice { rid: 1, uid: 2 }
2026-03-10 01:58:31 +00:00: 👥 voice_users { rid: 1, users: [ 2 ] }
2026-03-10 02:12:55 +00:00: [disconnect] { uid: 2 }
2026-03-10 02:13:21 +00:00: [socket connected] { uid: 2, sid: '7AaFhd6Bo4P755UDAAAl' }
2026-03-10 02:19:03 +00:00: [join_room] { uid: 2, rid: 1, admins: [ 1 ], seats: [], queue: [] }
2026-03-10 02:19:03 +00:00: [room_seats_state emit] { rid: 1, ownerId: 1, admins: [ 1 ], maxSeats: 12 }
2026-03-10 02:19:03 +00:00: 👥 voice_users { rid: 1, users: [] }
2026-03-10 02:19:03 +00:00: 🎤 user_joined_voice { rid: 1, uid: 2 }
2026-03-10 02:19:03 +00:00: 👥 voice_users { rid: 1, users: [ 2 ] }
2026-03-10 02:25:32 +00:00: [disconnect] { uid: 2 }
2026-03-10 02:25:55 +00:00: [socket connected] { uid: 2, sid: '_HxMn9P8CreXIafJAAAn' }
2026-03-10 02:28:03 +00:00: [disconnect] { uid: 2 }
2026-03-10 02:31:04 +00:00: [socket connected] { uid: 2, sid: 'GXXSBOEVMsWmg1V3AAAq' }
2026-03-10 02:31:53 +00:00: [join_room] { uid: 2, rid: 1, admins: [ 1 ], seats: [], queue: [] }
2026-03-10 02:31:53 +00:00: [room_seats_state emit] { rid: 1, ownerId: 1, admins: [ 1 ], maxSeats: 12 }
2026-03-10 02:31:53 +00:00: 👥 voice_users { rid: 1, users: [] }
2026-03-10 02:31:54 +00:00: 🎤 user_joined_voice { rid: 1, uid: 2 }
2026-03-10 02:31:54 +00:00: 👥 voice_users { rid: 1, users: [ 2 ] }
2026-03-10 02:39:51 +00:00: [disconnect] { uid: 2 }
2026-03-10 13:40:49 +00:00: [socket connected] { uid: 2, sid: 'XLBe5-yTr356ruuWAAAt' }
2026-03-10 13:41:27 +00:00: [disconnect] { uid: 2 }
2026-03-10 13:42:24 +00:00: [socket connected] { uid: 2, sid: 'rACM8BziinwKF-Q_AAAv' }
2026-03-10 13:42:49 +00:00: [disconnect] { uid: 2 }
2026-03-10 13:42:57 +00:00: [socket connected] { uid: 2, sid: 'ktxEqXrszXHaGU1OAAAx' }
2026-03-10 13:43:27 +00:00: [join_room] { uid: 2, rid: 4, admins: [ 4 ], seats: [], queue: [] }
2026-03-10 13:43:27 +00:00: [room_seats_state emit] { rid: 4, ownerId: 4, admins: [ 4 ], maxSeats: 5 }
2026-03-10 13:43:30 +00:00: 👥 voice_users { rid: 4, users: [] }
2026-03-10 13:45:14 +00:00: [disconnect] { uid: 2 }
2026-03-10 18:06:43 +00:00: [socket connected] { uid: 2, sid: '7o10_unxddFShbJPAABO' }
2026-03-10 18:07:10 +00:00: 👥 voice_users { rid: 1, users: [] }
2026-03-10 18:07:10 +00:00: 🎤 user_joined_voice { rid: 1, uid: 2 }
2026-03-10 18:07:10 +00:00: 👥 voice_users { rid: 1, users: [ 2 ] }
2026-03-10 18:07:10 +00:00: [join_room] { uid: 2, rid: 1, admins: [ 1 ], seats: [], queue: [] }
2026-03-10 18:07:10 +00:00: [room_seats_state emit] { rid: 1, ownerId: 1, admins: [ 1 ], maxSeats: 12 }
2026-03-10 18:07:55 +00:00: [disconnect] { uid: 2 }
2026-03-10 18:07:57 +00:00: [socket connected] { uid: 2, sid: 'tMlElusTfmCqfaElAABQ' }
2026-03-10 18:13:40 +00:00: [disconnect] { uid: 2 }
2026-03-10 18:22:51 +00:00: [socket connected] { uid: 2, sid: 'D5gDlVmapXsQpaTiAABT' }
2026-03-10 18:22:58 +00:00: 👥 voice_users { rid: 3, users: [] }
2026-03-10 18:22:58 +00:00: 🎤 user_joined_voice { rid: 3, uid: 2 }
2026-03-10 18:22:58 +00:00: 👥 voice_users { rid: 3, users: [ 2 ] }
2026-03-10 18:22:58 +00:00: [join_room] { uid: 2, rid: 3, admins: [ 3 ], seats: [ [ 1, 2 ] ], queue: [] }
2026-03-10 18:22:58 +00:00: [room_seats_state emit] { rid: 3, ownerId: 3, admins: [ 3 ], maxSeats: 5 }
2026-03-10 18:25:37 +00:00: [disconnect] { uid: 2 }
2026-03-10 18:25:43 +00:00: [socket connected] { uid: 2, sid: 'q8ETgIAB_47ASUaRAABW' }
2026-03-10 18:26:00 +00:00: 👥 voice_users { rid: 1, users: [] }
2026-03-10 18:26:00 +00:00: 🎤 user_joined_voice { rid: 1, uid: 2 }
2026-03-10 18:26:00 +00:00: 👥 voice_users { rid: 1, users: [ 2 ] }
2026-03-10 18:26:00 +00:00: [join_room] { uid: 2, rid: 1, admins: [ 1 ], seats: [], queue: [] }
2026-03-10 18:26:00 +00:00: [room_seats_state emit] { rid: 1, ownerId: 1, admins: [ 1 ], maxSeats: 12 }
2026-03-10 18:26:24 +00:00: [disconnect] { uid: 2 }
2026-03-10 18:28:37 +00:00: [socket connected] { uid: 2, sid: 'M2azWPB_Js2ibUIdAABZ' }
2026-03-10 18:28:43 +00:00: [join_room] { uid: 2, rid: 1, admins: [ 1 ], seats: [], queue: [] }
2026-03-10 18:28:43 +00:00: [room_seats_state emit] { rid: 1, ownerId: 1, admins: [ 1 ], maxSeats: 12 }
2026-03-10 18:28:43 +00:00: 👥 voice_users { rid: 1, users: [] }
2026-03-10 18:28:44 +00:00: 🎤 user_joined_voice { rid: 1, uid: 2 }
2026-03-10 18:28:44 +00:00: 👥 voice_users { rid: 1, users: [ 2 ] }
2026-03-10 18:33:12 +00:00: [disconnect] { uid: 2 }
2026-03-13 18:40:29 +00:00: [socket connected] { uid: 2, sid: 'fmNiiM6bTkK49s80AABk' }
2026-03-13 18:40:29 +00:00: [disconnect] { uid: 2 }
2026-03-13 18:40:32 +00:00: [socket connected] { uid: 2, sid: 'ursgYibUH2D3k2L3AABm' }
2026-03-13 18:40:36 +00:00: [join_room] { uid: 2, rid: 1, admins: [ 1 ], seats: [], queue: [] }
2026-03-13 18:40:36 +00:00: [room_seats_state emit] { rid: 1, ownerId: 1, admins: [ 1 ], maxSeats: 12 }
2026-03-13 18:40:36 +00:00: 👥 voice_users { rid: 1, users: [] }
2026-03-13 18:47:03 +00:00: [leave_seat] { uid: 2, rid: 1, seatNum: 1 }
2026-03-13 18:47:03 +00:00: 👥 voice_users { rid: 1, users: [] }
2026-03-13 18:47:18 +00:00: [disconnect] { uid: 2 }
2026-03-13 18:47:24 +00:00: [socket connected] { uid: 2, sid: 'GlFSljAwblICCMKlAABp' }
2026-03-13 18:47:29 +00:00: [join_room] { uid: 2, rid: 5, admins: [ 5 ], seats: [], queue: [] }
2026-03-13 18:47:29 +00:00: [room_seats_state emit] { rid: 5, ownerId: 5, admins: [ 5 ], maxSeats: 30 }
2026-03-13 18:47:29 +00:00: 👥 voice_users { rid: 5, users: [] }
2026-03-13 18:47:29 +00:00: 🎤 user_joined_voice { rid: 5, uid: 2 }
2026-03-13 18:47:29 +00:00: 👥 voice_users { rid: 5, users: [ 2 ] }
2026-03-13 19:05:51 +00:00: [disconnect] { uid: 2 }
2026-03-13 19:06:25 +00:00: [socket connected] { uid: 2, sid: 'QQRnxW2z7pIjkfGDAABs' }
2026-03-13 19:08:25 +00:00: [join_room] { uid: 2, rid: 1, admins: [ 1 ], seats: [], queue: [] }
2026-03-13 19:08:25 +00:00: [room_seats_state emit] { rid: 1, ownerId: 1, admins: [ 1 ], maxSeats: 12 }
2026-03-13 19:08:25 +00:00: 👥 voice_users { rid: 1, users: [] }
2026-03-13 19:08:26 +00:00: 🎤 user_joined_voice { rid: 1, uid: 2 }
2026-03-13 19:08:26 +00:00: 👥 voice_users { rid: 1, users: [ 2 ] }
2026-03-13 19:15:40 +00:00: [disconnect] { uid: 2 }
2026-03-13 19:15:46 +00:00: [socket connected] { uid: 2, sid: 'ySf3JBCRQkdho01CAABv' }
2026-03-13 19:15:51 +00:00: [join_room] { uid: 2, rid: 1, admins: [ 1 ], seats: [], queue: [] }
2026-03-13 19:15:51 +00:00: [room_seats_state emit] { rid: 1, ownerId: 1, admins: [ 1 ], maxSeats: 12 }
2026-03-13 19:15:51 +00:00: 👥 voice_users { rid: 1, users: [] }
2026-03-13 19:15:51 +00:00: 🎤 user_joined_voice { rid: 1, uid: 2 }
2026-03-13 19:15:51 +00:00: 👥 voice_users { rid: 1, users: [ 2 ] }
2026-03-13 19:20:44 +00:00: [disconnect] { uid: 2 }
2026-03-13 19:39:17 +00:00: [socket connected] { uid: 2, sid: '4NeN-pf4QAmcFErAAABy' }
2026-03-13 19:39:21 +00:00: [join_room] { uid: 2, rid: 1, admins: [ 1 ], seats: [], queue: [] }
2026-03-13 19:39:21 +00:00: [room_seats_state emit] { rid: 1, ownerId: 1, admins: [ 1 ], maxSeats: 12 }
2026-03-13 19:39:21 +00:00: 👥 voice_users { rid: 1, users: [] }
2026-03-13 19:39:22 +00:00: 🎤 user_joined_voice { rid: 1, uid: 2 }
2026-03-13 19:39:22 +00:00: 👥 voice_users { rid: 1, users: [ 2 ] }
2026-03-13 19:43:24 +00:00: [disconnect] { uid: 2 }
2026-03-13 19:56:01 +00:00: [socket connected] { uid: 2, sid: 'bzYFRG03J1lv2EgSAAB1' }
2026-03-13 19:56:15 +00:00: [join_room] { uid: 2, rid: 1, admins: [ 1 ], seats: [], queue: [] }
2026-03-13 19:56:15 +00:00: [room_seats_state emit] { rid: 1, ownerId: 1, admins: [ 1 ], maxSeats: 12 }
2026-03-13 19:56:15 +00:00: 👥 voice_users { rid: 1, users: [] }
2026-03-13 19:56:16 +00:00: 🎤 user_joined_voice { rid: 1, uid: 2 }
2026-03-13 19:56:16 +00:00: 👥 voice_users { rid: 1, users: [ 2 ] }
2026-03-13 20:00:09 +00:00: [disconnect] { uid: 2 }
2026-03-13 20:51:46 +00:00: [socket connected] { uid: 2, sid: 'u7umDHlR1wXPy7SxAAB4' }
2026-03-13 20:51:52 +00:00: [join_room] { uid: 2, rid: 1, admins: [ 1 ], seats: [], queue: [] }
2026-03-13 20:51:52 +00:00: [room_seats_state emit] { rid: 1, ownerId: 1, admins: [ 1 ], maxSeats: 12 }
2026-03-13 20:51:52 +00:00: 👥 voice_users { rid: 1, users: [] }
2026-03-13 20:51:52 +00:00: 🎤 user_joined_voice { rid: 1, uid: 2 }
2026-03-13 20:51:52 +00:00: 👥 voice_users { rid: 1, users: [ 2 ] }
2026-03-13 20:55:28 +00:00: [disconnect] { uid: 2 }
2026-03-13 23:47:25 +00:00: [socket connected] { uid: 2, sid: 'eJwbV9dMVpcl5vUXAAB7' }
2026-03-13 23:47:29 +00:00: [join_room] { uid: 2, rid: 1, admins: [ 1 ], seats: [], queue: [] }
2026-03-13 23:47:29 +00:00: [room_seats_state emit] { rid: 1, ownerId: 1, admins: [ 1 ], maxSeats: 12 }
2026-03-13 23:47:30 +00:00: 👥 voice_users { rid: 1, users: [] }
2026-03-13 23:47:30 +00:00: 🎤 user_joined_voice { rid: 1, uid: 2 }
2026-03-13 23:47:30 +00:00: 👥 voice_users { rid: 1, users: [ 2 ] }
2026-03-13 23:51:32 +00:00: [disconnect] { uid: 2 }
2026-03-13 23:53:59 +00:00: [socket connected] { uid: 2, sid: 'z-6TI0XDTYmc2nktAAB-' }
2026-03-13 23:54:03 +00:00: [join_room] { uid: 2, rid: 1, admins: [ 1 ], seats: [], queue: [] }
2026-03-13 23:54:03 +00:00: [room_seats_state emit] { rid: 1, ownerId: 1, admins: [ 1 ], maxSeats: 12 }
2026-03-13 23:54:04 +00:00: 👥 voice_users { rid: 1, users: [] }
2026-03-13 23:54:04 +00:00: 🎤 user_joined_voice { rid: 1, uid: 2 }
2026-03-13 23:54:04 +00:00: 👥 voice_users { rid: 1, users: [ 2 ] }
2026-03-13 23:58:07 +00:00: [disconnect] { uid: 2 }
2026-03-14 00:09:43 +00:00: [socket connected] { uid: 2, sid: 'lhvW8vmoJnXogojjAACB' }
2026-03-14 00:09:47 +00:00: [join_room] { uid: 2, rid: 1, admins: [ 1 ], seats: [], queue: [] }
2026-03-14 00:09:47 +00:00: [room_seats_state emit] { rid: 1, ownerId: 1, admins: [ 1 ], maxSeats: 12 }
2026-03-14 00:09:47 +00:00: 👥 voice_users { rid: 1, users: [] }
2026-03-14 00:09:48 +00:00: 🎤 user_joined_voice { rid: 1, uid: 2 }
2026-03-14 00:09:48 +00:00: 👥 voice_users { rid: 1, users: [ 2 ] }
2026-03-14 00:11:03 +00:00: [disconnect] { uid: 2 }
2026-03-14 00:11:09 +00:00: [socket connected] { uid: 2, sid: 'DTp8Qsdo22gGy9aQAACE' }
2026-03-14 00:11:13 +00:00: [join_room] { uid: 2, rid: 4, admins: [ 4 ], seats: [], queue: [] }
2026-03-14 00:11:13 +00:00: [room_seats_state emit] { rid: 4, ownerId: 4, admins: [ 4 ], maxSeats: 5 }
2026-03-14 00:11:13 +00:00: 👥 voice_users { rid: 4, users: [] }
2026-03-14 00:11:13 +00:00: 🎤 user_joined_voice { rid: 4, uid: 2 }
2026-03-14 00:11:13 +00:00: 👥 voice_users { rid: 4, users: [ 2 ] }
2026-03-14 00:16:50 +00:00: [disconnect] { uid: 2 }
2026-03-14 03:00:19 +00:00: [socket connected] { uid: 2, sid: 'toy_2Ru5Z59qNfplAACH' }
2026-03-14 03:00:23 +00:00: [join_room] { uid: 2, rid: 1, admins: [ 1 ], seats: [], queue: [] }
2026-03-14 03:00:23 +00:00: [room_seats_state emit] { rid: 1, ownerId: 1, admins: [ 1 ], maxSeats: 12 }
2026-03-14 03:00:23 +00:00: 👥 voice_users { rid: 1, users: [] }
2026-03-14 03:00:24 +00:00: 🎤 user_joined_voice { rid: 1, uid: 2 }
2026-03-14 03:00:24 +00:00: 👥 voice_users { rid: 1, users: [ 2 ] }
2026-03-14 03:40:17 +00:00: [disconnect] { uid: 2 }
2026-03-14 03:40:41 +00:00: [socket connected] { uid: 2, sid: 'Whlk8yOMPzXsR33tAACK' }
2026-03-14 03:40:50 +00:00: [join_room] { uid: 2, rid: 1, admins: [ 1 ], seats: [], queue: [] }
2026-03-14 03:40:50 +00:00: [room_seats_state emit] { rid: 1, ownerId: 1, admins: [ 1 ], maxSeats: 12 }
2026-03-14 03:40:50 +00:00: 👥 voice_users { rid: 1, users: [] }
2026-03-14 03:40:51 +00:00: 🎤 user_joined_voice { rid: 1, uid: 2 }
2026-03-14 03:40:51 +00:00: 👥 voice_users { rid: 1, users: [ 2 ] }
2026-03-14 04:05:31 +00:00: [disconnect] { uid: 2 }
2026-03-14 04:12:01 +00:00: [socket connected] { uid: 2, sid: 'xTpOI9pE-OjGrXjFAACN' }
2026-03-14 04:12:04 +00:00: [join_room] { uid: 2, rid: 1, admins: [ 1 ], seats: [], queue: [] }
2026-03-14 04:12:04 +00:00: [room_seats_state emit] { rid: 1, ownerId: 1, admins: [ 1 ], maxSeats: 12 }
2026-03-14 04:12:05 +00:00: 👥 voice_users { rid: 1, users: [] }
2026-03-14 04:12:05 +00:00: 🎤 user_joined_voice { rid: 1, uid: 2 }
2026-03-14 04:12:05 +00:00: 👥 voice_users { rid: 1, users: [ 2 ] }
2026-03-14 04:16:55 +00:00: [disconnect] { uid: 2 }
2026-03-14 04:17:01 +00:00: [socket connected] { uid: 2, sid: 'TVjcdKwIz9HmM6HRAACQ' }
2026-03-14 04:17:04 +00:00: [join_room] { uid: 2, rid: 1, admins: [ 1 ], seats: [], queue: [] }
2026-03-14 04:17:04 +00:00: [room_seats_state emit] { rid: 1, ownerId: 1, admins: [ 1 ], maxSeats: 12 }
2026-03-14 04:17:05 +00:00: 👥 voice_users { rid: 1, users: [] }
2026-03-14 04:17:05 +00:00: 🎤 user_joined_voice { rid: 1, uid: 2 }
2026-03-14 04:17:05 +00:00: 👥 voice_users { rid: 1, users: [ 2 ] }
2026-03-14 04:21:08 +00:00: [disconnect] { uid: 2 }
2026-03-14 04:21:47 +00:00: [socket connected] { uid: 2, sid: 'Nmh7SjPAr2canZCqAACS' }
2026-03-14 04:28:58 +00:00: [disconnect] { uid: 2 }
2026-03-14 04:29:26 +00:00: [socket connected] { uid: 2, sid: 'cY1KOx0AUN03wKfnAACV' }
2026-03-14 04:29:34 +00:00: [join_room] { uid: 2, rid: 1, admins: [ 1 ], seats: [], queue: [] }
2026-03-14 04:29:34 +00:00: [room_seats_state emit] { rid: 1, ownerId: 1, admins: [ 1 ], maxSeats: 12 }
2026-03-14 04:29:34 +00:00: 👥 voice_users { rid: 1, users: [] }
2026-03-14 04:29:35 +00:00: 🎤 user_joined_voice { rid: 1, uid: 2 }
2026-03-14 04:29:35 +00:00: 👥 voice_users { rid: 1, users: [ 2 ] }
2026-03-14 04:39:42 +00:00: [disconnect] { uid: 2 }
2026-03-14 04:39:47 +00:00: [socket connected] { uid: 2, sid: 'oMmQ_VQnHLo2kkWvAACY' }
2026-03-14 04:39:51 +00:00: [join_room] { uid: 2, rid: 1, admins: [ 1 ], seats: [], queue: [] }
2026-03-14 04:39:51 +00:00: [room_seats_state emit] { rid: 1, ownerId: 1, admins: [ 1 ], maxSeats: 12 }
2026-03-14 04:39:51 +00:00: 👥 voice_users { rid: 1, users: [] }
2026-03-14 04:39:52 +00:00: 🎤 user_joined_voice { rid: 1, uid: 2 }
2026-03-14 04:39:52 +00:00: 👥 voice_users { rid: 1, users: [ 2 ] }
2026-03-14 04:40:43 +00:00: [disconnect] { uid: 2 }
2026-03-14 04:40:49 +00:00: [socket connected] { uid: 2, sid: 'VoYcnPH5Gtf_WzgFAACb' }
2026-03-14 04:40:51 +00:00: [join_room] { uid: 2, rid: 1, admins: [ 1 ], seats: [], queue: [] }
2026-03-14 04:40:51 +00:00: [room_seats_state emit] { rid: 1, ownerId: 1, admins: [ 1 ], maxSeats: 12 }
2026-03-14 04:40:52 +00:00: 👥 voice_users { rid: 1, users: [] }
2026-03-14 04:40:52 +00:00: 🎤 user_joined_voice { rid: 1, uid: 2 }
2026-03-14 04:40:52 +00:00: 👥 voice_users { rid: 1, users: [ 2 ] }
2026-03-14 04:42:00 +00:00: [disconnect] { uid: 2 }
2026-03-14 04:42:05 +00:00: [socket connected] { uid: 2, sid: 'd5PWRQV4DOvRsyJIAACe' }
2026-03-14 04:42:08 +00:00: [join_room] { uid: 2, rid: 1, admins: [ 1 ], seats: [], queue: [] }
2026-03-14 04:42:08 +00:00: [room_seats_state emit] { rid: 1, ownerId: 1, admins: [ 1 ], maxSeats: 12 }
2026-03-14 04:42:09 +00:00: 👥 voice_users { rid: 1, users: [] }
2026-03-14 04:42:09 +00:00: 🎤 user_joined_voice { rid: 1, uid: 2 }
2026-03-14 04:42:09 +00:00: 👥 voice_users { rid: 1, users: [ 2 ] }
2026-03-14 04:54:49 +00:00: [disconnect] { uid: 2 }
2026-03-14 04:54:55 +00:00: [socket connected] { uid: 2, sid: 'KuirL-1wWJu0JmStAACh' }
2026-03-14 04:54:59 +00:00: [join_room] { uid: 2, rid: 1, admins: [ 1 ], seats: [], queue: [] }
2026-03-14 04:54:59 +00:00: [room_seats_state emit] { rid: 1, ownerId: 1, admins: [ 1 ], maxSeats: 12 }
2026-03-14 04:54:59 +00:00: 👥 voice_users { rid: 1, users: [] }
2026-03-14 04:54:59 +00:00: 🎤 user_joined_voice { rid: 1, uid: 2 }
2026-03-14 04:54:59 +00:00: 👥 voice_users { rid: 1, users: [ 2 ] }
2026-03-14 05:01:08 +00:00: [disconnect] { uid: 2 }
2026-03-14 05:01:33 +00:00: [socket connected] { uid: 2, sid: 'fnE7n-_3dkMqM8PHAACk' }
2026-03-14 05:01:36 +00:00: [join_room] { uid: 2, rid: 1, admins: [ 1 ], seats: [], queue: [] }
2026-03-14 05:01:36 +00:00: [room_seats_state emit] { rid: 1, ownerId: 1, admins: [ 1 ], maxSeats: 12 }
2026-03-14 05:01:37 +00:00: 👥 voice_users { rid: 1, users: [] }
2026-03-14 05:01:37 +00:00: 🎤 user_joined_voice { rid: 1, uid: 2 }
2026-03-14 05:01:37 +00:00: 👥 voice_users { rid: 1, users: [ 2 ] }
2026-03-14 05:01:53 +00:00: [disconnect] { uid: 2 }
2026-03-14 21:39:10 +00:00: [socket connected] { uid: 2, sid: 'crVL0N7rNvBMsj_-AACw' }
2026-03-14 21:40:58 +00:00: [join_room] { uid: 2, rid: 1, admins: [ 1 ], seats: [], queue: [] }
2026-03-14 21:40:58 +00:00: [room_seats_state emit] { rid: 1, ownerId: 1, admins: [ 1 ], maxSeats: 12 }
2026-03-14 21:40:59 +00:00: 👥 voice_users { rid: 1, users: [] }
2026-03-14 21:40:59 +00:00: 🎤 user_joined_voice { rid: 1, uid: 2 }
2026-03-14 21:40:59 +00:00: 👥 voice_users { rid: 1, users: [ 2 ] }
2026-03-14 21:47:34 +00:00: [disconnect] { uid: 2 }
2026-03-14 21:47:40 +00:00: [socket connected] { uid: 2, sid: 'Kx4EJmWnf6RCmSUHAACz' }
2026-03-14 21:47:44 +00:00: [join_room] { uid: 2, rid: 1, admins: [ 1 ], seats: [], queue: [] }
2026-03-14 21:47:44 +00:00: [room_seats_state emit] { rid: 1, ownerId: 1, admins: [ 1 ], maxSeats: 12 }
2026-03-14 21:47:44 +00:00: 👥 voice_users { rid: 1, users: [] }
2026-03-14 21:47:45 +00:00: 🎤 user_joined_voice { rid: 1, uid: 2 }
2026-03-14 21:47:45 +00:00: 👥 voice_users { rid: 1, users: [ 2 ] }
2026-03-14 21:49:21 +00:00: [disconnect] { uid: 2 }
2026-03-14 21:51:26 +00:00: [socket connected] { uid: 2, sid: '5SIpFPmGYmtQJ2XUAAC2' }
2026-03-14 21:51:30 +00:00: [join_room] { uid: 2, rid: 1, admins: [ 1 ], seats: [], queue: [] }
2026-03-14 21:51:30 +00:00: [room_seats_state emit] { rid: 1, ownerId: 1, admins: [ 1 ], maxSeats: 12 }
2026-03-14 21:51:30 +00:00: 👥 voice_users { rid: 1, users: [] }
2026-03-14 21:51:31 +00:00: 🎤 user_joined_voice { rid: 1, uid: 2 }
2026-03-14 21:51:31 +00:00: 👥 voice_users { rid: 1, users: [ 2 ] }
2026-03-14 21:55:23 +00:00: [disconnect] { uid: 2 }
2026-03-14 21:55:29 +00:00: [socket connected] { uid: 2, sid: 'LwnXErLRO_c9HxLLAAC5' }
2026-03-14 21:55:33 +00:00: [join_room] { uid: 2, rid: 3, admins: [ 3 ], seats: [], queue: [] }
2026-03-14 21:55:33 +00:00: [room_seats_state emit] { rid: 3, ownerId: 3, admins: [ 3 ], maxSeats: 5 }
2026-03-14 21:55:33 +00:00: 👥 voice_users { rid: 3, users: [] }
2026-03-14 21:55:33 +00:00: 🎤 user_joined_voice { rid: 3, uid: 2 }
2026-03-14 21:55:33 +00:00: 👥 voice_users { rid: 3, users: [ 2 ] }
2026-03-14 21:56:40 +00:00: [disconnect] { uid: 2 }
2026-03-14 21:56:46 +00:00: [socket connected] { uid: 2, sid: 'h4dD3U6teykTYk3sAAC8' }
2026-03-14 21:56:50 +00:00: [join_room] { uid: 2, rid: 1, admins: [ 1 ], seats: [], queue: [] }
2026-03-14 21:56:50 +00:00: [room_seats_state emit] { rid: 1, ownerId: 1, admins: [ 1 ], maxSeats: 12 }
2026-03-14 21:56:50 +00:00: 👥 voice_users { rid: 1, users: [] }
2026-03-14 21:56:50 +00:00: 🎤 user_joined_voice { rid: 1, uid: 2 }
2026-03-14 21:56:50 +00:00: 👥 voice_users { rid: 1, users: [ 2 ] }
2026-03-14 22:02:29 +00:00: [disconnect] { uid: 2 }
2026-03-14 22:02:52 +00:00: [socket connected] { uid: 2, sid: 'hv7kClBdKa1sCEs_AAC_' }
2026-03-14 22:02:57 +00:00: [join_room] { uid: 2, rid: 1, admins: [ 1 ], seats: [], queue: [] }
2026-03-14 22:02:57 +00:00: [room_seats_state emit] { rid: 1, ownerId: 1, admins: [ 1 ], maxSeats: 12 }
2026-03-14 22:02:57 +00:00: 👥 voice_users { rid: 1, users: [] }
2026-03-14 22:02:58 +00:00: 🎤 user_joined_voice { rid: 1, uid: 2 }
2026-03-14 22:02:58 +00:00: 👥 voice_users { rid: 1, users: [ 2 ] }
2026-03-14 22:05:08 +00:00: [socket connected] { uid: 2, sid: '7J0-eF8Q9-YGDB6MAADC' }
2026-03-14 22:05:13 +00:00: [join_room] { uid: 2, rid: 1, admins: [ 1 ], seats: [ [ 5, 2 ] ], queue: [] }
2026-03-14 22:05:13 +00:00: [room_seats_state emit] { rid: 1, ownerId: 1, admins: [ 1 ], maxSeats: 12 }
2026-03-14 22:05:18 +00:00: [disconnect] { uid: 2 }
2026-03-14 22:05:26 +00:00: [socket connected] { uid: 2, sid: 'CwTB3LUxDJKIUZdvAADE' }
2026-03-14 22:05:47 +00:00: [disconnect] { uid: 2 }
2026-03-14 22:09:31 +00:00: [disconnect] { uid: 2 }
2026-03-14 22:09:36 +00:00: [socket connected] { uid: 2, sid: 'vMaRENAst7CtH-8qAADH' }
2026-03-14 22:09:46 +00:00: [join_room] { uid: 2, rid: 1, admins: [ 1 ], seats: [], queue: [] }
2026-03-14 22:09:46 +00:00: [room_seats_state emit] { rid: 1, ownerId: 1, admins: [ 1 ], maxSeats: 12 }
2026-03-14 22:09:46 +00:00: 👥 voice_users { rid: 1, users: [] }
2026-03-14 22:09:46 +00:00: 🎤 user_joined_voice { rid: 1, uid: 2 }
2026-03-14 22:09:46 +00:00: 👥 voice_users { rid: 1, users: [ 2 ] }
2026-03-14 22:13:40 +00:00: [disconnect] { uid: 2 }
2026-03-14 22:13:51 +00:00: [socket connected] { uid: 2, sid: 'giQVhOIaiQ6WAtSDAADK' }
2026-03-14 22:15:33 +00:00: [join_room] { uid: 2, rid: 1, admins: [ 1 ], seats: [], queue: [] }
2026-03-14 22:15:33 +00:00: [room_seats_state emit] { rid: 1, ownerId: 1, admins: [ 1 ], maxSeats: 12 }
2026-03-14 22:15:34 +00:00: 👥 voice_users { rid: 1, users: [] }
2026-03-14 22:15:34 +00:00: 🎤 user_joined_voice { rid: 1, uid: 2 }
2026-03-14 22:15:34 +00:00: 👥 voice_users { rid: 1, users: [ 2 ] }
2026-03-14 22:19:40 +00:00: [disconnect] { uid: 2 }
2026-03-14 22:21:06 +00:00: [socket connected] { uid: 2, sid: 'BG2mG_NIki63M6EsAADM' }
2026-03-14 22:24:53 +00:00: [disconnect] { uid: 2 }
2026-03-15 02:46:06 +00:00: 🚀 SamaFox API Server is running on port 3000
2026-03-15 02:46:23 +00:00: [socket connected] { uid: 2, sid: 'NHd5O44McFqkzNuwAAAC' }
2026-03-15 02:46:38 +00:00: [socket connected] { uid: 2, sid: 'T8UF4fhP_fwXCZpxAAAE' }
2026-03-15 02:46:43 +00:00: [socket connected] { uid: 2, sid: '-eEMC_nH0wo1zKcqAAAG' }
2026-03-15 02:46:45 +00:00: [join_room] { uid: 2, rid: 1, admins: [ 1 ], seats: [], queue: [] }
2026-03-15 02:46:45 +00:00: [room_seats_state emit] { rid: 1, ownerId: 1, admins: [ 1 ], maxSeats: 12 }
2026-03-15 02:46:46 +00:00: 👥 voice_users { rid: 1, users: [] }
2026-03-15 02:46:46 +00:00: 🎤 user_joined_voice { rid: 1, uid: 2 }
2026-03-15 02:46:46 +00:00: 👥 voice_users { rid: 1, users: [ 2 ] }
2026-03-15 02:47:04 +00:00: [disconnect] { uid: 2 }
2026-03-15 02:47:08 +00:00: [disconnect] { uid: 2 }
2026-03-15 02:51:17 +00:00: [disconnect] { uid: 2 }
2026-03-15 12:11:41 +00:00: [socket connected] { uid: 2, sid: 'RaOTEEHPNuVpVTS1AAAJ' }
2026-03-15 12:12:38 +00:00: [join_room] { uid: 2, rid: 1, admins: [ 1 ], seats: [], queue: [] }
2026-03-15 12:12:38 +00:00: [room_seats_state emit] { rid: 1, ownerId: 1, admins: [ 1 ], maxSeats: 12 }
2026-03-15 12:12:38 +00:00: 👥 voice_users { rid: 1, users: [] }
2026-03-15 12:12:40 +00:00: 🎤 user_joined_voice { rid: 1, uid: 2 }
2026-03-15 12:12:40 +00:00: 👥 voice_users { rid: 1, users: [ 2 ] }
2026-03-15 12:21:41 +00:00: [disconnect] { uid: 2 }
2026-03-15 12:21:47 +00:00: [socket connected] { uid: 2, sid: 'P_7pDkF5QP8wv2UDAAAM' }
2026-03-15 12:21:51 +00:00: [join_room] { uid: 2, rid: 1, admins: [ 1 ], seats: [], queue: [] }
2026-03-15 12:21:51 +00:00: [room_seats_state emit] { rid: 1, ownerId: 1, admins: [ 1 ], maxSeats: 12 }
2026-03-15 12:21:52 +00:00: 👥 voice_users { rid: 1, users: [] }
2026-03-15 12:21:52 +00:00: 🎤 user_joined_voice { rid: 1, uid: 2 }
2026-03-15 12:21:52 +00:00: 👥 voice_users { rid: 1, users: [ 2 ] }
2026-03-15 12:22:18 +00:00: [disconnect] { uid: 2 }
2026-03-15 17:32:11 +00:00: [socket connected] { uid: 2, sid: 'lokSZ_CJL2rq9oP9AAAP' }
2026-03-15 17:36:26 +00:00: [disconnect] { uid: 2 }
2026-03-15 17:36:32 +00:00: [socket connected] { uid: 2, sid: '2a__lnmLltFDK0q4AAAS' }
2026-03-15 17:39:22 +00:00: [disconnect] { uid: 2 }
2026-03-15 18:45:55 +00:00: [socket connected] { uid: 2, sid: 'E9VlyRWY8Kv-VAsgAAAV' }
2026-03-15 18:46:02 +00:00: [join_room] { uid: 2, rid: 1, admins: [ 1 ], seats: [], queue: [] }
2026-03-15 18:46:02 +00:00: [room_seats_state emit] { rid: 1, ownerId: 1, admins: [ 1 ], maxSeats: 12 }
2026-03-15 18:46:02 +00:00: 👥 voice_users { rid: 1, users: [] }
2026-03-15 18:46:02 +00:00: 🎤 user_joined_voice { rid: 1, uid: 2 }
2026-03-15 18:46:02 +00:00: 👥 voice_users { rid: 1, users: [ 2 ] }
2026-03-15 19:13:13 +00:00: [disconnect] { uid: 2 }
2026-03-15 19:14:01 +00:00: [socket connected] { uid: 2, sid: 'gn-hJ7aBICrEeqCOAAAX' }
2026-03-15 19:14:13 +00:00: [disconnect] { uid: 2 }
2026-03-15 19:17:21 +00:00: [socket connected] { uid: 2, sid: 'IzQnxeGDj9UPINkhAAAa' }
2026-03-15 19:17:25 +00:00: [join_room] { uid: 2, rid: 3, admins: [ 3 ], seats: [], queue: [] }
2026-03-15 19:17:25 +00:00: [room_seats_state emit] { rid: 3, ownerId: 3, admins: [ 3 ], maxSeats: 5 }
2026-03-15 19:17:26 +00:00: 👥 voice_users { rid: 3, users: [] }
2026-03-15 19:17:26 +00:00: 🎤 user_joined_voice { rid: 3, uid: 2 }
2026-03-15 19:17:26 +00:00: 👥 voice_users { rid: 3, users: [ 2 ] }
2026-03-15 19:21:35 +00:00: [disconnect] { uid: 2 }
2026-03-15 19:31:01 +00:00: [socket connected] { uid: 2, sid: 'yOxhzKNUEwvqivLRAAAd' }
2026-03-15 19:31:06 +00:00: [join_room] { uid: 2, rid: 1, admins: [ 1 ], seats: [], queue: [] }
2026-03-15 19:31:06 +00:00: [room_seats_state emit] { rid: 1, ownerId: 1, admins: [ 1 ], maxSeats: 12 }
2026-03-15 19:31:06 +00:00: 👥 voice_users { rid: 1, users: [] }
2026-03-15 19:31:07 +00:00: 🎤 user_joined_voice { rid: 1, uid: 2 }
2026-03-15 19:31:07 +00:00: 👥 voice_users { rid: 1, users: [ 2 ] }
2026-03-15 19:34:56 +00:00: [disconnect] { uid: 2 }
2026-03-15 19:35:01 +00:00: [socket connected] { uid: 2, sid: 'vyc-BQGbLXjcqFDoAAAg' }
2026-03-15 19:35:06 +00:00: [join_room] { uid: 2, rid: 6, admins: [ 6 ], seats: [], queue: [] }
2026-03-15 19:35:06 +00:00: [room_seats_state emit] { rid: 6, ownerId: 6, admins: [ 6 ], maxSeats: 2 }
2026-03-15 19:35:07 +00:00: 👥 voice_users { rid: 6, users: [] }
2026-03-15 19:35:07 +00:00: 🎤 user_joined_voice { rid: 6, uid: 2 }
2026-03-15 19:35:07 +00:00: 👥 voice_users { rid: 6, users: [ 2 ] }
2026-03-15 19:40:54 +00:00: [disconnect] { uid: 2 }
2026-03-15 19:40:59 +00:00: [socket connected] { uid: 2, sid: 'E4RtDm_GO2HCJzL6AAAj' }
2026-03-15 19:41:04 +00:00: [join_room] { uid: 2, rid: 3, admins: [ 3 ], seats: [], queue: [] }
2026-03-15 19:41:04 +00:00: [room_seats_state emit] { rid: 3, ownerId: 3, admins: [ 3 ], maxSeats: 5 }
2026-03-15 19:41:04 +00:00: 👥 voice_users { rid: 3, users: [] }
2026-03-15 19:41:04 +00:00: 🎤 user_joined_voice { rid: 3, uid: 2 }
2026-03-15 19:41:04 +00:00: 👥 voice_users { rid: 3, users: [ 2 ] }
2026-03-15 19:41:21 +00:00: [disconnect] { uid: 2 }
2026-03-15 19:43:51 +00:00: [socket connected] { uid: 2, sid: 'fzzzxyEoJDfO7MdeAAAm' }
2026-03-15 19:45:14 +00:00: [disconnect] { uid: 2 }
2026-03-15 19:45:19 +00:00: [socket connected] { uid: 2, sid: 'pmFA_tLu7b_Wt8RaAAAp' }
2026-03-15 19:45:23 +00:00: [join_room] { uid: 2, rid: 1, admins: [ 1 ], seats: [], queue: [] }
2026-03-15 19:45:23 +00:00: [room_seats_state emit] { rid: 1, ownerId: 1, admins: [ 1 ], maxSeats: 12 }
2026-03-15 19:45:23 +00:00: 👥 voice_users { rid: 1, users: [] }
2026-03-15 19:45:24 +00:00: 🎤 user_joined_voice { rid: 1, uid: 2 }
2026-03-15 19:45:24 +00:00: 👥 voice_users { rid: 1, users: [ 2 ] }
2026-03-15 19:49:12 +00:00: [disconnect] { uid: 2 }
2026-03-15 19:49:17 +00:00: [socket connected] { uid: 2, sid: 'TX1mt_tuz1PQV2PIAAAs' }
2026-03-15 19:49:21 +00:00: [join_room] { uid: 2, rid: 3, admins: [ 3 ], seats: [], queue: [] }
2026-03-15 19:49:21 +00:00: [room_seats_state emit] { rid: 3, ownerId: 3, admins: [ 3 ], maxSeats: 5 }
2026-03-15 19:49:21 +00:00: 👥 voice_users { rid: 3, users: [] }
2026-03-15 19:49:21 +00:00: 🎤 user_joined_voice { rid: 3, uid: 2 }
2026-03-15 19:49:21 +00:00: 👥 voice_users { rid: 3, users: [ 2 ] }
2026-03-15 19:51:17 +00:00: [disconnect] { uid: 2 }
2026-03-15 19:51:44 +00:00: [socket connected] { uid: 2, sid: 'WIVfdroldsQVfo9WAAAv' }
2026-03-15 19:51:48 +00:00: [join_room] { uid: 2, rid: 1, admins: [ 1 ], seats: [], queue: [] }
2026-03-15 19:51:48 +00:00: [room_seats_state emit] { rid: 1, ownerId: 1, admins: [ 1 ], maxSeats: 12 }
2026-03-15 19:51:48 +00:00: 👥 voice_users { rid: 1, users: [] }
2026-03-15 19:51:49 +00:00: 🎤 user_joined_voice { rid: 1, uid: 2 }
2026-03-15 19:51:49 +00:00: 👥 voice_users { rid: 1, users: [ 2 ] }
2026-03-15 19:55:12 +00:00: [disconnect] { uid: 2 }
2026-03-15 19:55:18 +00:00: [socket connected] { uid: 2, sid: 'MxRT6fpGH1ANY2KuAAAy' }
2026-03-15 19:55:21 +00:00: [join_room] { uid: 2, rid: 3, admins: [ 3 ], seats: [], queue: [] }
2026-03-15 19:55:21 +00:00: [room_seats_state emit] { rid: 3, ownerId: 3, admins: [ 3 ], maxSeats: 5 }
2026-03-15 19:55:22 +00:00: 👥 voice_users { rid: 3, users: [] }
2026-03-15 19:55:22 +00:00: 🎤 user_joined_voice { rid: 3, uid: 2 }
2026-03-15 19:55:22 +00:00: 👥 voice_users { rid: 3, users: [ 2 ] }
2026-03-15 19:55:44 +00:00: [disconnect] { uid: 2 }
2026-03-15 20:23:02 +00:00: [socket connected] { uid: 2, sid: '8eepebNzgLQEOnJTAAA1' }
2026-03-15 20:23:06 +00:00: [join_room] { uid: 2, rid: 3, admins: [ 3 ], seats: [], queue: [] }
2026-03-15 20:23:06 +00:00: [room_seats_state emit] { rid: 3, ownerId: 3, admins: [ 3 ], maxSeats: 5 }
2026-03-15 20:23:07 +00:00: 👥 voice_users { rid: 3, users: [] }
2026-03-15 20:23:07 +00:00: 🎤 user_joined_voice { rid: 3, uid: 2 }
2026-03-15 20:23:07 +00:00: 👥 voice_users { rid: 3, users: [ 2 ] }
2026-03-15 20:30:03 +00:00: [disconnect] { uid: 2 }
2026-03-15 20:30:09 +00:00: [socket connected] { uid: 2, sid: 'sWKwcA4Q9pNHaJBvAAA4' }
2026-03-15 20:30:12 +00:00: [join_room] { uid: 2, rid: 3, admins: [ 3 ], seats: [], queue: [] }
2026-03-15 20:30:12 +00:00: [room_seats_state emit] { rid: 3, ownerId: 3, admins: [ 3 ], maxSeats: 5 }
2026-03-15 20:30:13 +00:00: 👥 voice_users { rid: 3, users: [] }
2026-03-15 20:30:13 +00:00: 🎤 user_joined_voice { rid: 3, uid: 2 }
2026-03-15 20:30:13 +00:00: 👥 voice_users { rid: 3, users: [ 2 ] }
2026-03-15 20:35:35 +00:00: [disconnect] { uid: 2 }
2026-03-15 20:37:53 +00:00: [socket connected] { uid: 2, sid: 'q5uTt9d--KDhRCFmAAA7' }
2026-03-15 20:38:18 +00:00: [join_room] { uid: 2, rid: 1, admins: [ 1 ], seats: [], queue: [] }
2026-03-15 20:38:18 +00:00: [room_seats_state emit] { rid: 1, ownerId: 1, admins: [ 1 ], maxSeats: 12 }
2026-03-15 20:38:18 +00:00: 👥 voice_users { rid: 1, users: [] }
2026-03-15 20:38:19 +00:00: 🎤 user_joined_voice { rid: 1, uid: 2 }
2026-03-15 20:38:19 +00:00: 👥 voice_users { rid: 1, users: [ 2 ] }
2026-03-15 20:38:37 +00:00: [disconnect] { uid: 2 }
2026-03-15 20:38:42 +00:00: [socket connected] { uid: 2, sid: 't6ZDbSG_i8TC4Q-sAAA-' }
2026-03-15 20:38:45 +00:00: [join_room] { uid: 2, rid: 3, admins: [ 3 ], seats: [], queue: [] }
2026-03-15 20:38:45 +00:00: [room_seats_state emit] { rid: 3, ownerId: 3, admins: [ 3 ], maxSeats: 5 }
2026-03-15 20:38:46 +00:00: 👥 voice_users { rid: 3, users: [] }
2026-03-15 20:38:46 +00:00: 🎤 user_joined_voice { rid: 3, uid: 2 }
2026-03-15 20:38:46 +00:00: 👥 voice_users { rid: 3, users: [ 2 ] }
2026-03-15 20:43:15 +00:00: [disconnect] { uid: 2 }
2026-03-15 21:15:35 +00:00: [socket connected] { uid: 2, sid: '1sLLKucbqgcHUX8OAABB' }
2026-03-15 21:15:42 +00:00: [join_room] { uid: 2, rid: 3, admins: [ 3 ], seats: [], queue: [] }
2026-03-15 21:15:42 +00:00: [room_seats_state emit] { rid: 3, ownerId: 3, admins: [ 3 ], maxSeats: 5 }
2026-03-15 21:15:43 +00:00: 👥 voice_users { rid: 3, users: [] }
2026-03-15 21:15:43 +00:00: 🎤 user_joined_voice { rid: 3, uid: 2 }
2026-03-15 21:15:43 +00:00: 👥 voice_users { rid: 3, users: [ 2 ] }
2026-03-15 21:18:04 +00:00: [disconnect] { uid: 2 }
2026-03-16 02:27:11 +00:00: [socket connected] { uid: 2, sid: 'Ea4NuRHVP3D7NcSGAABR' }
2026-03-16 02:27:15 +00:00: [join_room] { uid: 2, rid: 1, admins: [ 1 ], seats: [], queue: [] }
2026-03-16 02:27:15 +00:00: [room_seats_state emit] { rid: 1, ownerId: 1, admins: [ 1 ], maxSeats: 12 }
2026-03-16 02:27:15 +00:00: 👥 voice_users { rid: 1, users: [] }
2026-03-16 02:27:15 +00:00: 🎤 user_joined_voice { rid: 1, uid: 2 }
2026-03-16 02:27:15 +00:00: 👥 voice_users { rid: 1, users: [ 2 ] }
2026-03-16 02:34:08 +00:00: [disconnect] { uid: 2 }
2026-03-16 02:45:53 +00:00: [socket connected] { uid: 2, sid: 'X5i8i40iTxfXfRg5AABU' }
2026-03-16 02:47:37 +00:00: [disconnect] { uid: 2 }
2026-03-16 02:47:47 +00:00: [socket connected] { uid: 2, sid: 's8O7WRThPTrcI05YAABe' }
2026-03-16 02:47:50 +00:00: [join_room] { uid: 2, rid: 1, admins: [ 1 ], seats: [], queue: [] }
2026-03-16 02:47:50 +00:00: [room_seats_state emit] { rid: 1, ownerId: 1, admins: [ 1 ], maxSeats: 12 }
2026-03-16 02:47:50 +00:00: 👥 voice_users { rid: 1, users: [] }
2026-03-16 02:47:51 +00:00: 🎤 user_joined_voice { rid: 1, uid: 3 }
2026-03-16 02:47:51 +00:00: 👥 voice_users { rid: 1, users: [ 3 ] }
2026-03-16 02:50:17 +00:00: [socket connected] { uid: 2, sid: 'ay8hX9Ie2ofhL-pxAABm' }
2026-03-16 02:50:17 +00:00: [disconnect] { uid: 2 }
2026-03-16 02:50:19 +00:00: [socket connected] { uid: 2, sid: 'lkx8eBgp76fD84IlAABo' }
2026-03-16 02:52:37 +00:00: [disconnect] { uid: 2 }
2026-03-16 03:05:26 +00:00: [disconnect] { uid: 2 }
2026-03-16 03:05:36 +00:00: [socket connected] { uid: 2, sid: 'snn7Cd4CNxzOg6I-AABr' }
2026-03-16 03:05:43 +00:00: [disconnect] { uid: 2 }
2026-03-16 03:05:54 +00:00: [socket connected] { uid: 2, sid: 'yeBAUECoHA72IfaPAABt' }
2026-03-16 03:06:00 +00:00: [join_room] { uid: 2, rid: 3, admins: [ 3 ], seats: [], queue: [] }
2026-03-16 03:06:00 +00:00: [room_seats_state emit] { rid: 3, ownerId: 3, admins: [ 3 ], maxSeats: 5 }
2026-03-16 03:06:01 +00:00: 👥 voice_users { rid: 3, users: [] }
2026-03-16 03:06:30 +00:00: [join_room] { uid: 2, rid: 4, admins: [ 4 ], seats: [], queue: [] }
2026-03-16 03:06:30 +00:00: [room_seats_state emit] { rid: 4, ownerId: 4, admins: [ 4 ], maxSeats: 5 }
2026-03-16 03:06:30 +00:00: 👥 voice_users { rid: 4, users: [] }
2026-03-16 03:06:47 +00:00: [disconnect] { uid: 2 }
2026-03-16 03:07:13 +00:00: [socket connected] { uid: 3, sid: 'tl1xDsKeafc05l3_AABv' }
2026-03-16 03:07:25 +00:00: [leave_seat] { uid: 3, rid: 4, seatNum: 4 }
2026-03-16 03:07:25 +00:00: 👥 voice_users { rid: 4, users: [] }
2026-03-16 03:07:55 +00:00: [socket connected] { uid: 2, sid: 'KcafmYrqFU6R3VfYAABy' }
2026-03-16 03:07:59 +00:00: [disconnect] { uid: 2 }
2026-03-16 03:08:41 +00:00: [socket connected] { uid: 2, sid: '0qSl8AE0AEr42PhtAAB1' }
2026-03-16 03:08:48 +00:00: [join_room] { uid: 2, rid: 4, admins: [ 4 ], seats: [ [ 1, 3 ] ], queue: [] }
2026-03-16 03:08:48 +00:00: [room_seats_state emit] { rid: 4, ownerId: 4, admins: [ 4 ], maxSeats: 5 }
2026-03-16 03:08:48 +00:00: 👥 voice_users { rid: 4, users: [] }
2026-03-16 03:08:50 +00:00: 🎤 user_joined_voice { rid: 4, uid: 2 }
2026-03-16 03:08:50 +00:00: 👥 voice_users { rid: 4, users: [ 2 ] }
2026-03-16 03:08:50 +00:00: [webrtc_offer] { from: 3, to: 2 }
2026-03-16 03:08:50 +00:00: [webrtc_ice] { from: 3, to: 2 }
2026-03-16 03:08:50 +00:00: [webrtc_ice] { from: 3, to: 2 }
2026-03-16 03:08:51 +00:00: [webrtc_ice] { from: 3, to: 2 }
2026-03-16 03:08:51 +00:00: [webrtc_ice] { from: 3, to: 2 }
2026-03-16 03:08:51 +00:00: [webrtc_ice] { from: 3, to: 2 }
2026-03-16 03:08:51 +00:00: [webrtc_ice] { from: 3, to: 2 }
2026-03-16 03:08:51 +00:00: [webrtc_ice] { from: 3, to: 2 }
2026-03-16 03:08:51 +00:00: [webrtc_ice] { from: 3, to: 2 }
2026-03-16 03:08:51 +00:00: [webrtc_ice] { from: 3, to: 2 }
2026-03-16 03:08:51 +00:00: [webrtc_ice] { from: 3, to: 2 }
2026-03-16 03:08:51 +00:00: [webrtc_ice] { from: 3, to: 2 }
2026-03-16 03:08:51 +00:00: [webrtc_ice] { from: 3, to: 2 }
2026-03-16 03:08:51 +00:00: [webrtc_ice] { from: 3, to: 2 }
2026-03-16 03:08:51 +00:00: [webrtc_ice] { from: 3, to: 2 }
2026-03-16 03:08:51 +00:00: [webrtc_ice] { from: 3, to: 2 }
2026-03-16 03:08:51 +00:00: [webrtc_ice] { from: 3, to: 2 }
2026-03-16 03:08:51 +00:00: [webrtc_ice] { from: 3, to: 2 }
2026-03-16 03:08:51 +00:00: [webrtc_ice] { from: 3, to: 2 }
2026-03-16 03:08:51 +00:00: [webrtc_ice] { from: 3, to: 2 }
2026-03-16 03:08:51 +00:00: [webrtc_ice] { from: 3, to: 2 }
2026-03-16 03:08:51 +00:00: [webrtc_ice] { from: 3, to: 2 }
2026-03-16 03:08:51 +00:00: [webrtc_ice] { from: 3, to: 2 }
2026-03-16 03:08:51 +00:00: [webrtc_ice] { from: 3, to: 2 }
2026-03-16 03:08:51 +00:00: [webrtc_ice] { from: 3, to: 2 }
2026-03-16 03:08:51 +00:00: [webrtc_ice] { from: 3, to: 2 }
2026-03-16 03:08:51 +00:00: [webrtc_offer] { from: 3, to: 2 }
2026-03-16 03:08:51 +00:00: [webrtc_ice] { from: 3, to: 2 }
2026-03-16 03:08:51 +00:00: [webrtc_ice] { from: 3, to: 2 }
2026-03-16 03:08:51 +00:00: [webrtc_ice] { from: 3, to: 2 }
2026-03-16 03:08:51 +00:00: [webrtc_ice] { from: 3, to: 2 }
2026-03-16 03:08:51 +00:00: [webrtc_ice] { from: 3, to: 2 }
2026-03-16 03:08:51 +00:00: [webrtc_ice] { from: 3, to: 2 }
2026-03-16 03:08:51 +00:00: [webrtc_ice] { from: 3, to: 2 }
2026-03-16 03:08:51 +00:00: [webrtc_ice] { from: 3, to: 2 }
2026-03-16 03:08:51 +00:00: [webrtc_ice] { from: 3, to: 2 }
2026-03-16 03:08:51 +00:00: [webrtc_ice] { from: 3, to: 2 }
2026-03-16 03:08:51 +00:00: [webrtc_ice] { from: 3, to: 2 }
2026-03-16 03:08:51 +00:00: [webrtc_ice] { from: 3, to: 2 }
2026-03-16 03:08:51 +00:00: [webrtc_ice] { from: 3, to: 2 }
2026-03-16 03:08:51 +00:00: [webrtc_ice] { from: 3, to: 2 }
2026-03-16 03:08:51 +00:00: [webrtc_ice] { from: 3, to: 2 }
2026-03-16 03:08:51 +00:00: [webrtc_ice] { from: 3, to: 2 }
2026-03-16 03:08:51 +00:00: [webrtc_ice] { from: 3, to: 2 }
2026-03-16 03:08:51 +00:00: [webrtc_ice] { from: 3, to: 2 }
2026-03-16 03:08:51 +00:00: [webrtc_ice] { from: 3, to: 2 }
2026-03-16 03:08:51 +00:00: [webrtc_ice] { from: 3, to: 2 }
2026-03-16 03:08:51 +00:00: [webrtc_ice] { from: 3, to: 2 }
2026-03-16 03:08:51 +00:00: [webrtc_ice] { from: 3, to: 2 }
2026-03-16 03:08:51 +00:00: [webrtc_ice] { from: 3, to: 2 }
2026-03-16 03:08:51 +00:00: [webrtc_ice] { from: 3, to: 2 }
2026-03-16 03:08:51 +00:00: [webrtc_ice] { from: 3, to: 2 }
2026-03-16 03:08:51 +00:00: [webrtc_ice] { from: 3, to: 2 }
2026-03-16 03:08:51 +00:00: [webrtc_ice] { from: 3, to: 2 }
2026-03-16 03:08:51 +00:00: [webrtc_ice] { from: 3, to: 2 }
2026-03-16 03:08:51 +00:00: [webrtc_ice] { from: 3, to: 2 }
2026-03-16 03:08:52 +00:00: [webrtc_answer] { from: 2, to: 3 }
2026-03-16 03:08:52 +00:00: [webrtc_ice] { from: 2, to: 3 }
2026-03-16 03:08:52 +00:00: [webrtc_ice] { from: 2, to: 3 }
2026-03-16 03:08:52 +00:00: [webrtc_ice] { from: 2, to: 3 }
2026-03-16 03:08:52 +00:00: [webrtc_answer] { from: 2, to: 3 }
2026-03-16 03:08:52 +00:00: [webrtc_ice] { from: 2, to: 3 }
2026-03-16 03:08:52 +00:00: [webrtc_ice] { from: 2, to: 3 }
2026-03-16 03:08:52 +00:00: [webrtc_ice] { from: 2, to: 3 }
2026-03-16 03:08:52 +00:00: [webrtc_ice] { from: 2, to: 3 }
2026-03-16 03:08:52 +00:00: [webrtc_ice] { from: 2, to: 3 }
2026-03-16 03:08:52 +00:00: [webrtc_ice] { from: 2, to: 3 }
2026-03-16 03:08:52 +00:00: [webrtc_ice] { from: 2, to: 3 }
2026-03-16 03:08:52 +00:00: [webrtc_ice] { from: 2, to: 3 }
2026-03-16 03:08:52 +00:00: [webrtc_ice] { from: 2, to: 3 }
2026-03-16 03:08:52 +00:00: [webrtc_ice] { from: 2, to: 3 }
2026-03-16 03:08:52 +00:00: [webrtc_ice] { from: 2, to: 3 }
2026-03-16 03:18:49 +00:00: [disconnect] { uid: 3 }
2026-03-16 03:20:56 +00:00: [socket connected] { uid: 3, sid: 'ZbVufg9734iCUlUcAAB4' }
2026-03-16 03:21:01 +00:00: [join_room] { uid: 3, rid: 4, admins: [ 4 ], seats: [ [ 3, 2 ] ], queue: [] }
2026-03-16 03:21:01 +00:00: [room_seats_state emit] { rid: 4, ownerId: 4, admins: [ 4 ], maxSeats: 5 }
2026-03-16 03:21:02 +00:00: 👥 voice_users { rid: 4, users: [ 2 ] }
2026-03-16 03:21:02 +00:00: 🎤 user_joined_voice { rid: 4, uid: 3 }
2026-03-16 03:21:02 +00:00: 👥 voice_users { rid: 4, users: [ 2, 3 ] }
2026-03-16 03:21:03 +00:00: [webrtc_offer] { from: 3, to: 2 }
2026-03-16 03:21:03 +00:00: [webrtc_ice] { from: 3, to: 2 }
2026-03-16 03:21:03 +00:00: [webrtc_ice] { from: 3, to: 2 }
2026-03-16 03:21:03 +00:00: [webrtc_ice] { from: 3, to: 2 }
2026-03-16 03:21:03 +00:00: [webrtc_ice] { from: 3, to: 2 }
2026-03-16 03:21:03 +00:00: [webrtc_ice] { from: 3, to: 2 }
2026-03-16 03:21:03 +00:00: [webrtc_ice] { from: 3, to: 2 }
2026-03-16 03:21:03 +00:00: [webrtc_ice] { from: 3, to: 2 }
2026-03-16 03:21:03 +00:00: [webrtc_offer] { from: 3, to: 2 }
2026-03-16 03:21:03 +00:00: [webrtc_ice] { from: 3, to: 2 }
2026-03-16 03:21:03 +00:00: [webrtc_ice] { from: 3, to: 2 }
2026-03-16 03:21:03 +00:00: [webrtc_ice] { from: 3, to: 2 }
2026-03-16 03:21:03 +00:00: [webrtc_ice] { from: 3, to: 2 }
2026-03-16 03:21:03 +00:00: [webrtc_ice] { from: 3, to: 2 }
2026-03-16 03:21:03 +00:00: [webrtc_ice] { from: 3, to: 2 }
2026-03-16 03:21:03 +00:00: [webrtc_ice] { from: 3, to: 2 }
2026-03-16 03:21:03 +00:00: [webrtc_ice] { from: 3, to: 2 }
2026-03-16 03:21:03 +00:00: [webrtc_ice] { from: 3, to: 2 }
2026-03-16 03:21:03 +00:00: [webrtc_ice] { from: 3, to: 2 }
2026-03-16 03:21:03 +00:00: [webrtc_ice] { from: 3, to: 2 }
2026-03-16 03:21:03 +00:00: [webrtc_ice] { from: 3, to: 2 }
2026-03-16 03:21:03 +00:00: [webrtc_ice] { from: 3, to: 2 }
2026-03-16 03:21:03 +00:00: [webrtc_ice] { from: 3, to: 2 }
2026-03-16 03:21:03 +00:00: [webrtc_ice] { from: 3, to: 2 }
2026-03-16 03:21:03 +00:00: [webrtc_ice] { from: 3, to: 2 }
2026-03-16 03:21:03 +00:00: [webrtc_ice] { from: 3, to: 2 }
2026-03-16 03:21:03 +00:00: [webrtc_ice] { from: 3, to: 2 }
2026-03-16 03:21:03 +00:00: [webrtc_ice] { from: 3, to: 2 }
2026-03-16 03:21:03 +00:00: [webrtc_ice] { from: 3, to: 2 }
2026-03-16 03:21:03 +00:00: [webrtc_ice] { from: 3, to: 2 }
2026-03-16 03:21:03 +00:00: [webrtc_ice] { from: 3, to: 2 }
2026-03-16 03:21:03 +00:00: [webrtc_ice] { from: 3, to: 2 }
2026-03-16 03:21:03 +00:00: [webrtc_ice] { from: 3, to: 2 }
2026-03-16 03:21:03 +00:00: [webrtc_ice] { from: 3, to: 2 }
2026-03-16 03:21:03 +00:00: [webrtc_ice] { from: 3, to: 2 }
2026-03-16 03:21:03 +00:00: [webrtc_ice] { from: 3, to: 2 }
2026-03-16 03:21:03 +00:00: [webrtc_answer] { from: 2, to: 3 }
2026-03-16 03:21:03 +00:00: [webrtc_ice] { from: 2, to: 3 }
2026-03-16 03:21:03 +00:00: [webrtc_ice] { from: 2, to: 3 }
2026-03-16 03:21:03 +00:00: [webrtc_ice] { from: 2, to: 3 }
2026-03-16 03:21:03 +00:00: [webrtc_ice] { from: 2, to: 3 }
2026-03-16 03:21:03 +00:00: [webrtc_ice] { from: 2, to: 3 }
2026-03-16 03:21:03 +00:00: [webrtc_ice] { from: 2, to: 3 }
2026-03-16 03:21:03 +00:00: [webrtc_answer] { from: 2, to: 3 }
2026-03-16 03:21:03 +00:00: [webrtc_ice] { from: 2, to: 3 }
2026-03-16 03:21:03 +00:00: [webrtc_ice] { from: 2, to: 3 }
2026-03-16 03:21:03 +00:00: [webrtc_ice] { from: 2, to: 3 }
2026-03-16 03:21:03 +00:00: [webrtc_ice] { from: 2, to: 3 }
2026-03-16 03:21:03 +00:00: [webrtc_ice] { from: 2, to: 3 }
2026-03-16 03:21:03 +00:00: [webrtc_ice] { from: 2, to: 3 }
2026-03-16 03:36:38 +00:00: 🚀 SamaFox API Server is running on port 3000
2026-03-16 03:36:38 +00:00: [socket connected] { uid: 3, sid: '7jGcdMN4OS-vPFfKAAAC' }
2026-03-16 03:36:38 +00:00: [socket connected] { uid: 2, sid: 'zHiSUXtlzQkJ82U5AAAD' }
2026-03-16 03:40:34 +00:00: [disconnect] { uid: 2 }
2026-03-16 03:40:45 +00:00: [webrtc_offer] { from: 3, to: 2 }
2026-03-16 03:40:45 +00:00: [webrtc_ice] { from: 3, to: 2 }
2026-03-16 03:40:45 +00:00: [webrtc_ice] { from: 3, to: 2 }
2026-03-16 03:40:45 +00:00: [webrtc_ice] { from: 3, to: 2 }
2026-03-16 03:40:45 +00:00: [webrtc_ice] { from: 3, to: 2 }
2026-03-16 03:40:45 +00:00: [webrtc_ice] { from: 3, to: 2 }
2026-03-16 03:40:45 +00:00: [webrtc_ice] { from: 3, to: 2 }
2026-03-16 03:40:45 +00:00: [webrtc_offer] { from: 3, to: 2 }
2026-03-16 03:42:33 +00:00: [socket connected] { uid: 2, sid: 'DvSYNVuHKOTNEeu2AAAG' }
2026-03-16 03:44:06 +00:00: [disconnect] { uid: 3 }
2026-03-16 03:44:08 +00:00: [socket connected] { uid: 3, sid: 'bh1w3rUmQ2edH942AAAI' }
2026-03-16 03:44:16 +00:00: [join_room] { uid: 2, rid: 4, admins: [ 4 ], seats: [], queue: [] }
2026-03-16 03:44:16 +00:00: [room_seats_state emit] { rid: 4, ownerId: 4, admins: [ 4 ], maxSeats: 5 }
2026-03-16 03:44:16 +00:00: 👥 voice_users { rid: 4, users: [] }
2026-03-16 03:44:17 +00:00: 🎤 user_joined_voice { rid: 4, uid: 2 }
2026-03-16 03:44:17 +00:00: 👥 voice_users { rid: 4, users: [ 2 ] }
2026-03-16 03:44:25 +00:00: [leave_seat] { uid: 2, rid: 4, seatNum: 3 }
2026-03-16 03:44:25 +00:00: 👥 voice_users { rid: 4, users: [] }
2026-03-16 03:44:37 +00:00: 👥 voice_users { rid: 4, users: [] }
2026-03-16 03:44:55 +00:00: [leave_seat] { uid: 2, rid: 4, seatNum: 2 }
2026-03-16 03:44:55 +00:00: 👥 voice_users { rid: 4, users: [] }
2026-03-16 03:45:05 +00:00: [leave_seat] { uid: 3, rid: 4, seatNum: 1 }
2026-03-16 03:45:05 +00:00: 👥 voice_users { rid: 4, users: [] }
2026-03-16 03:46:10 +00:00: [disconnect] { uid: 2 }
2026-03-16 03:46:12 +00:00: [socket connected] { uid: 2, sid: 'Vw1VSJwAKDaPwlLiAAAK' }
2026-03-16 03:46:14 +00:00: [leave_seat] { uid: 3, rid: 4, seatNum: 2 }
2026-03-16 03:46:14 +00:00: 👥 voice_users { rid: 4, users: [] }
2026-03-16 03:46:57 +00:00: [disconnect] { uid: 2 }
2026-03-16 03:46:59 +00:00: [socket connected] { uid: 2, sid: 'IlU1uWNhtrBpwOJ_AAAM' }
2026-03-16 03:48:13 +00:00: [disconnect] { uid: 2 }
2026-03-16 03:48:15 +00:00: [socket connected] { uid: 2, sid: 'XyHs0EMjqLfDX3h7AAAO' }
2026-03-16 03:49:41 +00:00: [disconnect] { uid: 2 }
2026-03-16 03:49:56 +00:00: [socket connected] { uid: 2, sid: '8NPB_lVd9jGfrpwFAAAR' }
2026-03-16 03:50:07 +00:00: [join_room] { uid: 2, rid: 1, admins: [ 1 ], seats: [], queue: [] }
2026-03-16 03:50:07 +00:00: [room_seats_state emit] { rid: 1, ownerId: 1, admins: [ 1 ], maxSeats: 12 }
2026-03-16 03:50:07 +00:00: 👥 voice_users { rid: 1, users: [] }
2026-03-16 03:50:09 +00:00: 🎤 user_joined_voice { rid: 1, uid: 2 }
2026-03-16 03:50:09 +00:00: 👥 voice_users { rid: 1, users: [ 2 ] }
2026-03-16 03:50:19 +00:00: [join_room] { uid: 3, rid: 1, admins: [ 1 ], seats: [ [ 2, 2 ] ], queue: [] }
2026-03-16 03:50:19 +00:00: [room_seats_state emit] { rid: 1, ownerId: 1, admins: [ 1 ], maxSeats: 12 }
2026-03-16 03:50:19 +00:00: 👥 voice_users { rid: 1, users: [ 2 ] }
2026-03-16 03:51:31 +00:00: [disconnect] { uid: 2 }
2026-03-16 03:51:33 +00:00: [socket connected] { uid: 2, sid: 'DQZB2ktZkZRN6nDkAAAT' }
2026-03-16 03:52:30 +00:00: 👥 voice_users { rid: 1, users: [] }
2026-03-16 03:53:48 +00:00: [disconnect] { uid: 2 }
2026-03-16 03:53:50 +00:00: [socket connected] { uid: 2, sid: 'JqfTMEy9hsOA8MB4AAAV' }
2026-03-16 03:54:34 +00:00: [disconnect] { uid: 2 }
2026-03-16 03:55:34 +00:00: [disconnect] { uid: 3 }
2026-03-16 03:56:41 +00:00: [socket connected] { uid: 3, sid: '-mPVUpJPstQhaWSEAAAY' }
2026-03-16 03:56:47 +00:00: [join_room] { uid: 3, rid: 1, admins: [ 1 ], seats: [], queue: [] }
2026-03-16 03:56:47 +00:00: [room_seats_state emit] { rid: 1, ownerId: 1, admins: [ 1 ], maxSeats: 12 }
2026-03-16 03:56:47 +00:00: 👥 voice_users { rid: 1, users: [] }
2026-03-16 03:56:47 +00:00: 🎤 user_joined_voice { rid: 1, uid: 3 }
2026-03-16 03:56:47 +00:00: 👥 voice_users { rid: 1, users: [ 3 ] }
2026-03-16 04:11:20 +00:00: [disconnect] { uid: 3 }
2026-03-16 04:49:56 +00:00: [socket connected] { uid: 3, sid: '0v6hdjJnmODylzGsAAAb' }
2026-03-16 04:50:01 +00:00: [join_room] { uid: 3, rid: 1, admins: [ 1 ], seats: [], queue: [] }
2026-03-16 04:50:01 +00:00: [room_seats_state emit] { rid: 1, ownerId: 1, admins: [ 1 ], maxSeats: 12 }
2026-03-16 04:50:01 +00:00: 👥 voice_users { rid: 1, users: [] }
2026-03-16 04:50:02 +00:00: 🎤 user_joined_voice { rid: 1, uid: 3 }
2026-03-16 04:50:02 +00:00: 👥 voice_users { rid: 1, users: [ 3 ] }
2026-03-16 04:53:46 +00:00: [disconnect] { uid: 3 }
2026-03-16 04:53:52 +00:00: [socket connected] { uid: 3, sid: '1VIXmqeGnYaFh25BAAAe' }
2026-03-16 04:53:55 +00:00: [join_room] { uid: 3, rid: 3, admins: [ 3 ], seats: [], queue: [] }
2026-03-16 04:53:55 +00:00: [auto-seat assigned] { uid: 3, rid: 3, seatNum: 1 }
2026-03-16 04:53:55 +00:00: [room_seats_state emit] { rid: 3, ownerId: 3, admins: [ 3 ], maxSeats: 5 }
2026-03-16 04:53:55 +00:00: 👥 voice_users { rid: 3, users: [ 3 ] }
2026-03-16 04:53:56 +00:00: 🎤 user_joined_voice { rid: 3, uid: 3 }
2026-03-16 04:53:56 +00:00: 👥 voice_users { rid: 3, users: [ 3 ] }
2026-03-16 04:54:09 +00:00: [join_room] { uid: 3, rid: 1, admins: [ 1 ], seats: [], queue: [] }
2026-03-16 04:54:09 +00:00: [room_seats_state emit] { rid: 1, ownerId: 1, admins: [ 1 ], maxSeats: 12 }
2026-03-16 04:54:10 +00:00: 👥 voice_users { rid: 1, users: [] }
2026-03-16 04:54:15 +00:00: [leave_seat] { uid: 3, rid: 1, seatNum: 6 }
2026-03-16 04:54:15 +00:00: 👥 voice_users { rid: 1, users: [] }
2026-03-16 04:54:19 +00:00: [join_room] { uid: 3, rid: 4, admins: [ 4 ], seats: [], queue: [] }
2026-03-16 04:54:19 +00:00: [room_seats_state emit] { rid: 4, ownerId: 4, admins: [ 4 ], maxSeats: 5 }
2026-03-16 04:54:19 +00:00: 👥 voice_users { rid: 4, users: [] }
2026-03-16 04:54:25 +00:00: [leave_seat] { uid: 3, rid: 4, seatNum: 5 }
2026-03-16 04:54:25 +00:00: 👥 voice_users { rid: 4, users: [] }
2026-03-16 04:54:29 +00:00: [leave_seat] { uid: 3, rid: 4, seatNum: 2 }
2026-03-16 04:54:29 +00:00: 👥 voice_users { rid: 4, users: [] }
2026-03-16 04:54:34 +00:00: [leave_seat] { uid: 3, rid: 4, seatNum: 3 }
2026-03-16 04:54:34 +00:00: 👥 voice_users { rid: 4, users: [] }
2026-03-16 04:54:39 +00:00: [join_room] { uid: 3, rid: 5, admins: [ 5 ], seats: [], queue: [] }
2026-03-16 04:54:39 +00:00: [room_seats_state emit] { rid: 5, ownerId: 5, admins: [ 5 ], maxSeats: 30 }
2026-03-16 04:54:40 +00:00: 👥 voice_users { rid: 5, users: [] }
2026-03-16 04:55:22 +00:00: [leave_seat] { uid: 3, rid: 5, seatNum: 5 }
2026-03-16 04:55:22 +00:00: 👥 voice_users { rid: 5, users: [] }
2026-03-16 04:55:25 +00:00: [join_room] { uid: 3, rid: 2, admins: [ 1 ], seats: [], queue: [] }
2026-03-16 04:55:25 +00:00: [room_seats_state emit] { rid: 2, ownerId: 1, admins: [ 1 ], maxSeats: 2 }
2026-03-16 04:55:25 +00:00: 👥 voice_users { rid: 2, users: [] }
2026-03-16 04:55:37 +00:00: 👥 voice_users { rid: 3, users: [ 3 ] }
2026-03-16 05:00:17 +00:00: [disconnect] { uid: 3 }
2026-03-16 05:02:47 +00:00: [socket connected] { uid: 3, sid: 'nN2Ojt4376cFicE9AAAh' }
2026-03-16 05:02:51 +00:00: [join_room] { uid: 3, rid: 3, admins: [ 3 ], seats: [], queue: [] }
2026-03-16 05:02:51 +00:00: [auto-seat assigned] { uid: 3, rid: 3, seatNum: 1 }
2026-03-16 05:02:51 +00:00: [room_seats_state emit] { rid: 3, ownerId: 3, admins: [ 3 ], maxSeats: 5 }
2026-03-16 05:02:52 +00:00: 👥 voice_users { rid: 3, users: [ 3 ] }
2026-03-16 05:02:52 +00:00: 🎤 user_joined_voice { rid: 3, uid: 3 }
2026-03-16 05:02:52 +00:00: 👥 voice_users { rid: 3, users: [ 3 ] }
2026-03-16 05:02:54 +00:00: [join_room] { uid: 3, rid: 6, admins: [ 6 ], seats: [], queue: [] }
2026-03-16 05:02:54 +00:00: [room_seats_state emit] { rid: 6, ownerId: 6, admins: [ 6 ], maxSeats: 2 }
2026-03-16 05:02:54 +00:00: 👥 voice_users { rid: 6, users: [] }
2026-03-16 05:03:01 +00:00: [join_room] { uid: 3, rid: 5, admins: [ 5 ], seats: [], queue: [] }
2026-03-16 05:03:01 +00:00: [room_seats_state emit] { rid: 5, ownerId: 5, admins: [ 5 ], maxSeats: 30 }
2026-03-16 05:03:01 +00:00: 👥 voice_users { rid: 5, users: [] }
2026-03-16 05:03:10 +00:00: 👥 voice_users { rid: 3, users: [ 3 ] }
2026-03-16 05:12:54 +00:00: [disconnect] { uid: 3 }
2026-03-16 05:13:00 +00:00: [socket connected] { uid: 3, sid: 'iS7tXiChyV33pYQtAAAk' }
2026-03-16 05:13:03 +00:00: [join_room] { uid: 3, rid: 6, admins: [ 6 ], seats: [], queue: [] }
2026-03-16 05:13:03 +00:00: [room_seats_state emit] { rid: 6, ownerId: 6, admins: [ 6 ], maxSeats: 2 }
2026-03-16 05:13:03 +00:00: 👥 voice_users { rid: 6, users: [] }
2026-03-16 05:13:04 +00:00: 🎤 user_joined_voice { rid: 6, uid: 3 }
2026-03-16 05:13:04 +00:00: 👥 voice_users { rid: 6, users: [ 3 ] }
2026-03-16 05:13:09 +00:00: [join_room] { uid: 3, rid: 3, admins: [ 3 ], seats: [], queue: [] }
2026-03-16 05:13:09 +00:00: [auto-seat assigned] { uid: 3, rid: 3, seatNum: 1 }
2026-03-16 05:13:09 +00:00: [room_seats_state emit] { rid: 3, ownerId: 3, admins: [ 3 ], maxSeats: 5 }
2026-03-16 05:13:09 +00:00: 👥 voice_users { rid: 3, users: [ 3 ] }
2026-03-16 05:13:13 +00:00: [leave_seat] { uid: 3, rid: 3, seatNum: 1 }
2026-03-16 05:13:13 +00:00: 👥 voice_users { rid: 3, users: [] }
2026-03-16 05:16:22 +00:00: [disconnect] { uid: 3 }
2026-03-16 20:35:58 +00:00: [socket connected] { uid: 3, sid: 'XYc8HxXCn5NaWw_kAAAn' }
2026-03-16 20:37:06 +00:00: [join_room] { uid: 3, rid: 1, admins: [ 1 ], seats: [], queue: [] }
2026-03-16 20:37:06 +00:00: [room_seats_state emit] { rid: 1, ownerId: 1, admins: [ 1 ], maxSeats: 12 }
2026-03-16 20:37:06 +00:00: 👥 voice_users { rid: 1, users: [] }
2026-03-16 20:37:08 +00:00: 🎤 user_joined_voice { rid: 1, uid: 3 }
2026-03-16 20:37:08 +00:00: 👥 voice_users { rid: 1, users: [ 3 ] }
2026-03-16 20:37:16 +00:00: [join_room] { uid: 3, rid: 3, admins: [ 3 ], seats: [], queue: [] }
2026-03-16 20:37:16 +00:00: [auto-seat assigned] { uid: 3, rid: 3, seatNum: 1 }
2026-03-16 20:37:16 +00:00: [room_seats_state emit] { rid: 3, ownerId: 3, admins: [ 3 ], maxSeats: 5 }
2026-03-16 20:37:16 +00:00: 👥 voice_users { rid: 3, users: [ 3 ] }
2026-03-16 20:37:33 +00:00: [disconnect] { uid: 3 }
2026-03-16 20:37:46 +00:00: [socket connected] { uid: 3, sid: 'YE_s-qoGOqKBSytbAAAq' }
2026-03-16 20:37:52 +00:00: [join_room] { uid: 3, rid: 5, admins: [ 5 ], seats: [], queue: [] }
2026-03-16 20:37:52 +00:00: [room_seats_state emit] { rid: 5, ownerId: 5, admins: [ 5 ], maxSeats: 30 }
2026-03-16 20:37:53 +00:00: 👥 voice_users { rid: 5, users: [] }
2026-03-16 20:37:54 +00:00: 🎤 user_joined_voice { rid: 5, uid: 3 }
2026-03-16 20:37:54 +00:00: 👥 voice_users { rid: 5, users: [ 3 ] }
2026-03-16 20:44:24 +00:00: [disconnect] { uid: 3 }
2026-03-16 21:24:41 +00:00: 🚀 SamaFox API Server is running on port 3000
2026-03-16 22:04:02 +00:00: 🚀 SamaFox API Server is running on port 3000
2026-03-16 22:05:13 +00:00: 🚀 SamaFox API Server is running on port 3000
2026-03-16 22:06:08 +00:00: 🚀 SamaFox API Server is running on port 3000
2026-03-16 22:07:20 +00:00: 🚀 SamaFox API Server is running on port 3000
2026-03-16 22:08:45 +00:00: 🚀 SamaFox API Server is running on port 3000
2026-03-16 22:09:54 +00:00: 🚀 SamaFox API Server is running on port 3000
2026-03-16 22:11:18 +00:00: 🚀 SamaFox API Server is running on port 3000
2026-03-16 22:14:21 +00:00: 🚀 SamaFox API Server is running on port 3000
2026-03-16 22:19:50 +00:00: 🚀 SamaFox API Server is running on port 3000
2026-03-16 22:31:58 +00:00: 🚀 SamaFox API Server is running on port 3000
2026-03-16 22:54:59 +00:00: [socket connected] { uid: 3, sid: 'sc4cihFdhs26EBs7AAAC' }
2026-03-16 22:56:59 +00:00: [disconnect] { uid: 3 }
2026-03-16 22:59:08 +00:00: [socket connected] { uid: 3, sid: 'jdlvA-AmF63iZAtMAAAF' }
2026-03-16 23:02:06 +00:00: [disconnect] { uid: 3 }
2026-03-16 23:02:11 +00:00: [socket connected] { uid: 3, sid: 'Vury_qw6HAFpTUd_AAAI' }
2026-03-16 23:05:23 +00:00: [disconnect] { uid: 3 }
2026-03-16 23:05:29 +00:00: [socket connected] { uid: 3, sid: 'kVU0WB1EY9faBTZxAAAL' }
2026-03-16 23:09:36 +00:00: [disconnect] { uid: 3 }
2026-03-16 23:58:48 +00:00: [socket connected] { uid: 3, sid: 'l30HDxXBSRNaC8QiAAAO' }
2026-03-17 00:03:30 +00:00: [socket connected] { uid: 3, sid: '-E84IH8FItvbkQaOAAAQ' }
2026-03-17 00:03:33 +00:00: [socket connected] { uid: 3, sid: 'X6UZM0eRNnzNg5TPAAAS' }
2026-03-17 00:03:46 +00:00: [disconnect] { uid: 3 }
2026-03-17 00:03:55 +00:00: [disconnect] { uid: 3 }
2026-03-17 00:05:05 +00:00: [disconnect] { uid: 3 }
2026-03-17 00:20:25 +00:00: [socket connected] { uid: 3, sid: '8tX36TzD5MH52fmlAAAU' }
2026-03-17 00:23:27 +00:00: [disconnect] { uid: 3 }
2026-03-17 00:25:00 +00:00: [socket connected] { uid: 3, sid: 'LKNlRzS8T36UOn9eAAAW' }
2026-03-17 00:25:45 +00:00: [disconnect] { uid: 3 }
2026-03-17 00:50:58 +00:00: [socket connected] { uid: 3, sid: 'gCQwTL5gSWxfaAmLAAAY' }
2026-03-17 00:51:08 +00:00: [disconnect] { uid: 3 }
2026-03-17 00:53:23 +00:00: [socket connected] { uid: 3, sid: 'Uex_BN5gW4nvVeNVAAAb' }
2026-03-17 00:59:41 +00:00: [disconnect] { uid: 3 }
2026-03-17 03:32:16 +00:00: [socket connected] { uid: 3, sid: '4etz0aTSBgZpNUFgAABJ' }
2026-03-17 03:32:39 +00:00: [disconnect] { uid: 3 }
2026-03-17 03:32:44 +00:00: [socket connected] { uid: 3, sid: 'qjLrUEMt_MW2rnE-AABM' }
2026-03-17 03:34:59 +00:00: [disconnect] { uid: 3 }
2026-03-17 03:35:05 +00:00: [socket connected] { uid: 3, sid: 'C9MBlL-pp6dXquaRAABP' }
2026-03-17 03:35:56 +00:00: [disconnect] { uid: 3 }
2026-03-17 03:36:01 +00:00: [socket connected] { uid: 3, sid: 'VCXDzBYe-PlLXWbiAABS' }
2026-03-17 03:37:39 +00:00: [disconnect] { uid: 3 }
2026-03-17 03:37:44 +00:00: [socket connected] { uid: 3, sid: '4r9OJ6EsIZ03cDwlAABV' }
2026-03-17 03:38:09 +00:00: [disconnect] { uid: 3 }
2026-03-17 03:38:14 +00:00: [socket connected] { uid: 3, sid: '2oVZ93Xf4k2a0FzLAABY' }
2026-03-17 03:39:24 +00:00: [disconnect] { uid: 3 }
2026-03-17 14:20:15 +00:00: [socket connected] { uid: 3, sid: 'mKzVzvYy_yu7WUM4AABd' }
2026-03-17 14:20:16 +00:00: [disconnect] { uid: 3 }
2026-03-17 14:20:19 +00:00: [socket connected] { uid: 3, sid: 'thELYMBmKy8H3P5sAABf' }
2026-03-17 14:22:20 +00:00: [disconnect] { uid: 3 }
2026-03-17 14:22:36 +00:00: [socket connected] { uid: 3, sid: 'c-HrIMjIpQgcyn5uAABh' }
2026-03-17 14:22:39 +00:00: [socket connected] { uid: 3, sid: 'tcGgb6fodmU1x3gvAABj' }
2026-03-17 14:23:20 +00:00: [disconnect] { uid: 3 }
2026-03-17 14:26:46 +00:00: [disconnect] { uid: 3 }
2026-03-17 15:56:33 +00:00: [socket connected] { uid: 3, sid: 'yI3nEAPOnB6oOqTrAABm' }
2026-03-17 15:59:09 +00:00: [disconnect] { uid: 3 }
2026-03-17 16:01:05 +00:00: [socket connected] { uid: 3, sid: '4fgRG3P4pa4ADRS4AABo' }
2026-03-17 16:03:23 +00:00: [disconnect] { uid: 3 }
2026-03-17 21:03:22 +00:00: [socket connected] { uid: 3, sid: 'mp9mxiGu3zHM1EYkAABr' }
2026-03-17 21:11:47 +00:00: [socket connected] { uid: 3, sid: '_X7i88YPtfRHt8bCAABt' }
2026-03-17 21:12:06 +00:00: [disconnect] { uid: 3 }
2026-03-17 22:23:19 +00:00: [join_room] { uid: 3, rid: 3, admins: [ 3 ], seats: [], queue: [] }
2026-03-17 22:23:19 +00:00: [auto-seat assigned] { uid: 3, rid: 3, seatNum: 1 }
2026-03-17 22:23:19 +00:00: [room_seats_state emit] { rid: 3, ownerId: 3, admins: [ 3 ], maxSeats: 5 }
2026-03-17 22:23:19 +00:00: 👥 voice_users { rid: 3, users: [ 3 ] }
2026-03-17 22:23:20 +00:00: 🎤 user_joined_voice { rid: 3, uid: 3 }
2026-03-17 22:23:20 +00:00: 👥 voice_users { rid: 3, users: [ 3 ] }
2026-03-17 22:24:47 +00:00: [toggle_mute] { uid: 3, rid: 3, seatNum: 1, isMuted: true }
2026-03-17 22:24:47 +00:00: 👥 voice_users { rid: 3, users: [] }
2026-03-17 22:25:27 +00:00: 🚀 SamaFox API Server is running on port 3000
2026-03-17 22:25:28 +00:00: [socket connected] { uid: 3, sid: 'r_ofhVwYr1IFuZgDAAAB' }
2026-03-17 22:28:16 +00:00: 🚀 SamaFox API Server is running on port 3000
2026-03-17 22:28:17 +00:00: [socket connected] { uid: 3, sid: '6YgXPJj7tJ2ulXZSAAAB' }
2026-03-17 22:32:13 +00:00: 🚀 SamaFox API Server is running on port 3000
2026-03-17 22:32:14 +00:00: [socket connected] { uid: 3, sid: 'MgCO-u1-EmeZMS7CAAAB' }
2026-03-17 22:33:47 +00:00: 🚀 SamaFox API Server is running on port 3000
2026-03-17 22:33:48 +00:00: [socket connected] { uid: 3, sid: '8oC7-POV1VVyTrPjAAAB' }
2026-03-17 22:38:18 +00:00: 🚀 SamaFox API Server is running on port 3000
2026-03-17 22:38:19 +00:00: [socket connected] { uid: 3, sid: 'BypHo4U9vWnbOzv1AAAB' }
2026-03-17 22:39:14 +00:00: 🚀 SamaFox API Server is running on port 3000
2026-03-17 22:39:15 +00:00: [socket connected] { uid: 3, sid: 'mArtVsvRuxS-W8uvAAAB' }
2026-03-17 22:45:50 +00:00: 🚀 SamaFox API Server is running on port 3000
2026-03-17 22:45:51 +00:00: [socket connected] { uid: 3, sid: '3UNHkNola3NZtvH_AAAB' }
2026-03-17 22:49:21 +00:00: 🚀 SamaFox API Server is running on port 3000
2026-03-17 22:49:22 +00:00: [socket connected] { uid: 3, sid: 's-kk8DW2fQMqBSTHAAAB' }
2026-03-17 22:53:18 +00:00: 🚀 SamaFox API Server is running on port 3000
2026-03-17 22:53:19 +00:00: [socket connected] { uid: 3, sid: 'dHJI-JZLHEy-hDAPAAAB' }
